Component: ARM Compiler 5.06 update 5 (build 528) Tool: armlink [4d35e2]

==============================================================================

Section Cross References

    cmsis_os.o(i.osDelay) refers to tasks.o(i.vTaskDelay) for vTaskDelay
    cmsis_os.o(i.osKernelRunning) refers to tasks.o(i.xTaskGetSchedulerState) for xTaskGetSchedulerState
    cmsis_os.o(i.osKernelStart) refers to tasks.o(i.vTaskStartScheduler) for vTaskStartScheduler
    cmsis_os.o(i.osKernelSysTick) refers to cmsis_os.o(i.inHandlerMode) for inHandlerMode
    cmsis_os.o(i.osKernelSysTick) refers to tasks.o(i.xTaskGetTickCountFromISR) for xTaskGetTickCountFromISR
    cmsis_os.o(i.osKernelSysTick) refers to tasks.o(i.xTaskGetTickCount) for xTaskGetTickCount
    cmsis_os.o(i.osMailAlloc) refers to cmsis_os.o(i.osPoolAlloc) for osPoolAlloc
    cmsis_os.o(i.osMailCAlloc) refers to cmsis_os.o(i.osMailAlloc) for osMailAlloc
    cmsis_os.o(i.osMailCreate) refers to heap_4.o(i.pvPortMalloc) for pvPortMalloc
    cmsis_os.o(i.osMailCreate) refers to queue.o(i.xQueueGenericCreate) for xQueueGenericCreate
    cmsis_os.o(i.osMailCreate) refers to cmsis_os.o(i.osPoolCreate) for osPoolCreate
    cmsis_os.o(i.osMailCreate) refers to heap_4.o(i.vPortFree) for vPortFree
    cmsis_os.o(i.osMailFree) refers to cmsis_os.o(i.osPoolFree) for osPoolFree
    cmsis_os.o(i.osMailGet) refers to cmsis_os.o(i.inHandlerMode) for inHandlerMode
    cmsis_os.o(i.osMailGet) refers to queue.o(i.xQueueReceiveFromISR) for xQueueReceiveFromISR
    cmsis_os.o(i.osMailGet) refers to queue.o(i.xQueueGenericReceive) for xQueueGenericReceive
    cmsis_os.o(i.osMailPut) refers to cmsis_os.o(i.inHandlerMode) for inHandlerMode
    cmsis_os.o(i.osMailPut) refers to queue.o(i.xQueueGenericSendFromISR) for xQueueGenericSendFromISR
    cmsis_os.o(i.osMailPut) refers to queue.o(i.xQueueGenericSend) for xQueueGenericSend
    cmsis_os.o(i.osMessageAvailableSpace) refers to queue.o(i.uxQueueSpacesAvailable) for uxQueueSpacesAvailable
    cmsis_os.o(i.osMessageCreate) refers to queue.o(i.xQueueGenericCreate) for xQueueGenericCreate
    cmsis_os.o(i.osMessageDelete) refers to cmsis_os.o(i.inHandlerMode) for inHandlerMode
    cmsis_os.o(i.osMessageDelete) refers to queue.o(i.vQueueDelete) for vQueueDelete
    cmsis_os.o(i.osMessageGet) refers to cmsis_os.o(i.inHandlerMode) for inHandlerMode
    cmsis_os.o(i.osMessageGet) refers to queue.o(i.xQueueReceiveFromISR) for xQueueReceiveFromISR
    cmsis_os.o(i.osMessageGet) refers to queue.o(i.xQueueGenericReceive) for xQueueGenericReceive
    cmsis_os.o(i.osMessagePeek) refers to queue.o(i.xQueueGenericReceive) for xQueueGenericReceive
    cmsis_os.o(i.osMessagePut) refers to cmsis_os.o(i.inHandlerMode) for inHandlerMode
    cmsis_os.o(i.osMessagePut) refers to queue.o(i.xQueueGenericSendFromISR) for xQueueGenericSendFromISR
    cmsis_os.o(i.osMessagePut) refers to queue.o(i.xQueueGenericSend) for xQueueGenericSend
    cmsis_os.o(i.osMessageWaiting) refers to cmsis_os.o(i.inHandlerMode) for inHandlerMode
    cmsis_os.o(i.osMessageWaiting) refers to queue.o(i.uxQueueMessagesWaitingFromISR) for uxQueueMessagesWaitingFromISR
    cmsis_os.o(i.osMessageWaiting) refers to queue.o(i.uxQueueMessagesWaiting) for uxQueueMessagesWaiting
    cmsis_os.o(i.osMutexCreate) refers to queue.o(i.xQueueCreateMutex) for xQueueCreateMutex
    cmsis_os.o(i.osMutexDelete) refers to cmsis_os.o(i.inHandlerMode) for inHandlerMode
    cmsis_os.o(i.osMutexDelete) refers to queue.o(i.vQueueDelete) for vQueueDelete
    cmsis_os.o(i.osMutexRelease) refers to cmsis_os.o(i.inHandlerMode) for inHandlerMode
    cmsis_os.o(i.osMutexRelease) refers to queue.o(i.xQueueGiveFromISR) for xQueueGiveFromISR
    cmsis_os.o(i.osMutexRelease) refers to queue.o(i.xQueueGenericSend) for xQueueGenericSend
    cmsis_os.o(i.osMutexWait) refers to cmsis_os.o(i.inHandlerMode) for inHandlerMode
    cmsis_os.o(i.osMutexWait) refers to queue.o(i.xQueueReceiveFromISR) for xQueueReceiveFromISR
    cmsis_os.o(i.osMutexWait) refers to queue.o(i.xQueueGenericReceive) for xQueueGenericReceive
    cmsis_os.o(i.osPoolAlloc) refers to cmsis_os.o(i.inHandlerMode) for inHandlerMode
    cmsis_os.o(i.osPoolAlloc) refers to port.o(i.vPortEnterCritical) for vPortEnterCritical
    cmsis_os.o(i.osPoolAlloc) refers to port.o(i.vPortExitCritical) for vPortExitCritical
    cmsis_os.o(i.osPoolCAlloc) refers to cmsis_os.o(i.osPoolAlloc) for osPoolAlloc
    cmsis_os.o(i.osPoolCreate) refers to heap_4.o(i.pvPortMalloc) for pvPortMalloc
    cmsis_os.o(i.osPoolCreate) refers to heap_4.o(i.vPortFree) for vPortFree
    cmsis_os.o(i.osSemaphoreCreate) refers to queue.o(i.xQueueGenericCreate) for xQueueGenericCreate
    cmsis_os.o(i.osSemaphoreCreate) refers to queue.o(i.xQueueGenericSend) for xQueueGenericSend
    cmsis_os.o(i.osSemaphoreDelete) refers to cmsis_os.o(i.inHandlerMode) for inHandlerMode
    cmsis_os.o(i.osSemaphoreDelete) refers to queue.o(i.vQueueDelete) for vQueueDelete
[...]
    i.SPI_DMAReceiveCplt                     0x08004bb8   Section        0  stm32f7xx_hal_spi.o(i.SPI_DMAReceiveCplt)
    SPI_DMAReceiveCplt                       0x08004bb9   Thumb Code    86  stm32f7xx_hal_spi.o(i.SPI_DMAReceiveCplt)
    i.SPI_DMATransmitReceiveCplt             0x08004c0e   Section        0  stm32f7xx_hal_spi.o(i.SPI_DMATransmitReceiveCplt)
    SPI_DMATransmitReceiveCplt               0x08004c0f   Thumb Code    92  stm32f7xx_hal_spi.o(i.SPI_DMATransmitReceiveCplt)
    i.SPI_EndRxTransaction                   0x08004c6a   Section        0  stm32f7xx_hal_spi.o(i.SPI_EndRxTransaction)
    SPI_EndRxTransaction                     0x08004c6b   Thumb Code   116  stm32f7xx_hal_spi.o(i.SPI_EndRxTransaction)
    i.SPI_EndRxTxTransaction                 0x08004cde   Section        0  stm32f7xx_hal_spi.o(i.SPI_EndRxTxTransaction)
    SPI_EndRxTxTransaction                   0x08004cdf   Thumb Code    72  stm32f7xx_hal_spi.o(i.SPI_EndRxTxTransaction)
    i.SPI_WaitFifoStateUntilTimeout          0x08004d26   Section        0  stm32f7xx_hal_spi.o(i.SPI_WaitFifoStateUntilTimeout)
    SPI_WaitFifoStateUntilTimeout            0x08004d27   Thumb Code   160  stm32f7xx_hal_spi.o(i.SPI_WaitFifoStateUntilTimeout)
    i.SPI_WaitFlagStateUntilTimeout          0x08004dc6   Section        0  stm32f7xx_hal_spi.o(i.SPI_WaitFlagStateUntilTimeout)
    SPI_WaitFlagStateUntilTimeout            0x08004dc7   Thumb Code   140  stm32f7xx_hal_spi.o(i.SPI_WaitFlagStateUntilTimeout)
    i.StartDefaultTask                       0x08004e52   Section        0  freertos.o(i.StartDefaultTask)
    i.StartStatusTask                        0x08004e62   Section        0  freertos.o(i.StartStatusTask)
    i.SysTick_Handler                        0x08004e72   Section        0  stm32f7xx_it.o(i.SysTick_Handler)
    i.SystemClock_Config                     0x08004e78   Section        0  main.o(i.SystemClock_Config)
    i.SystemInit                             0x08004f1c   Section        0  system_stm32f7xx.o(i.SystemInit)
    i.TIM2_IRQHandler                        0x08004f70   Section        0  stm32f7xx_it.o(i.TIM2_IRQHandler)
    i.TIM_Base_SetConfig                     0x08004f7c   Section        0  stm32f7xx_hal_tim.o(i.TIM_Base_SetConfig)
    i.TIM_CCxChannelCmd                      0x08005048   Section        0  stm32f7xx_hal_tim.o(i.TIM_CCxChannelCmd)
    i.TIM_ETR_SetConfig                      0x08005140   Section        0  stm32f7xx_hal_tim.o(i.TIM_ETR_SetConfig)
    i.TIM_ITRx_SetConfig                     0x08005152   Section        0  stm32f7xx_hal_tim.o(i.TIM_ITRx_SetConfig)
    TIM_ITRx_SetConfig                       0x08005153   Thumb Code    16  stm32f7xx_hal_tim.o(i.TIM_ITRx_SetConfig)
    i.TIM_OC1_SetConfig                      0x08005164   Section        0  stm32f7xx_hal_tim.o(i.TIM_OC1_SetConfig)
    i.TIM_OC2_SetConfig                      0x080051cc   Section        0  stm32f7xx_hal_tim.o(i.TIM_OC2_SetConfig)
    i.TIM_OC3_SetConfig                      0x08005290   Section        0  stm32f7xx_hal_tim.o(i.TIM_OC3_SetConfig)
    i.TIM_OC4_SetConfig                      0x08005354   Section        0  stm32f7xx_hal_tim.o(i.TIM_OC4_SetConfig)
    i.TIM_OC5_SetConfig                      0x08005404   Section        0  stm32f7xx_hal_tim_ex.o(i.TIM_OC5_SetConfig)
    TIM_OC5_SetConfig                        0x08005405   Thumb Code    74  stm32f7xx_hal_tim_ex.o(i.TIM_OC5_SetConfig)
    i.TIM_OC6_SetConfig                      0x0800545c   Section        0  stm32f7xx_hal_tim_ex.o(i.TIM_OC6_SetConfig)
    TIM_OC6_SetConfig                        0x0800545d   Thumb Code    74  stm32f7xx_hal_tim_ex.o(i.TIM_OC6_SetConfig)
    i.TIM_TI1_ConfigInputStage               0x080054b4   Section        0  stm32f7xx_hal_tim.o(i.TIM_TI1_ConfigInputStage)
    TIM_TI1_ConfigInputStage                 0x080054b5   Thumb Code    34  stm32f7xx_hal_tim.o(i.TIM_TI1_ConfigInputStage)
    i.TIM_TI2_ConfigInputStage               0x080054d6   Section        0  stm32f7xx_hal_tim.o(i.TIM_TI2_ConfigInputStage)
    TIM_TI2_ConfigInputStage                 0x080054d7   Thumb Code    36  stm32f7xx_hal_tim.o(i.TIM_TI2_ConfigInputStage)
    i.USER_MAIN_CalculateValues              0x080054fc   Section        0  user_main.o(i.USER_MAIN_CalculateValues)
    i.USER_MAIN_ENC26J60_COM_Cancel          0x0800554c   Section        0  user_main.o(i.USER_MAIN_ENC26J60_COM_Cancel)
    i.USER_MAIN_ENC26J60_COM_ChangeIP        0x08005568   Section        0  user_main.o(i.USER_MAIN_ENC26J60_COM_ChangeIP)
    i.USER_MAIN_ENC26J60_COM_Check           0x08005594   Section        0  user_main.o(i.USER_MAIN_ENC26J60_COM_Check)
    i.USER_MAIN_ENC26J60_COM_Load            0x080055cc   Section        0  user_main.o(i.USER_MAIN_ENC26J60_COM_Load)
    i.USER_MAIN_ENC26J60_COM_Power           0x08005608   Section        0  user_main.o(i.USER_MAIN_ENC26J60_COM_Power)
    i.USER_MAIN_ENC26J60_COM_Prepare         0x08005658   Section        0  user_main.o(i.USER_MAIN_ENC26J60_COM_Prepare)
    i.USER_MAIN_ENC26J60_COM_Reset           0x08005674   Section        0  user_main.o(i.USER_MAIN_ENC26J60_COM_Reset)
    i.USER_MAIN_ENC26J60_COM_Save            0x08005688   Section        0  user_main.o(i.USER_MAIN_ENC26J60_COM_Save)
    i.USER_MAIN_ENC26J60_COM_Triac           0x080056c0   Section        0  user_main.o(i.USER_MAIN_ENC26J60_COM_Triac)
    i.USER_MAIN_ENC26J60_COM_Xray            0x080056fc   Section        0  user_main.o(i.USER_MAIN_ENC26J60_COM_Xray)
    i.USER_MAIN_ENC26J60_CheckPackets        0x08005718   Section        0  user_main.o(i.USER_MAIN_ENC26J60_CheckPackets)
    i.USER_MAIN_ENC26J60_Checksum            0x08005824   Section        0  user_main.o(i.USER_MAIN_ENC26J60_Checksum)
    i.USER_MAIN_ENC26J60_SendReply           0x08005840   Section        0  user_main.o(i.USER_MAIN_ENC26J60_SendReply)
    i.USER_MAIN_StartupError                 0x08005870   Section        0  user_main.o(i.USER_MAIN_StartupError)
    i.USER_MAIN_StartupInit                  0x080058bc   Section        0  user_main.o(i.USER_MAIN_StartupInit)
    i.UsageFault_Handler                     0x08005b58   Section        0  stm32f7xx_it.o(i.UsageFault_Handler)
    i._Error_Handler                         0x08005b5a   Section        0  main.o(i._Error_Handler)
    i.__scatterload_copy                     0x08005b5c   Section       14  handlers.o(i.__scatterload_copy)
    i.__scatterload_null                     0x08005b6a   Section        2  handlers.o(i.__scatterload_null)
    i.__scatterload_zeroinit                 0x08005b6c   Section       14  handlers.o(i.__scatterload_zeroinit)
    i.assert_failed                          0x08005b7a   Section        0  main.o(i.assert_failed)
    i.checksum                               0x08005b7c   Section        0  enc28j60.o(i.checksum)
    i.enc28j60PacketReceive                  0x08005bb4   Section        0  enc28j60.o(i.enc28j60PacketReceive)
    i.enc28j60PacketSend                     0x08005c30   Section        0  enc28j60.o(i.enc28j60PacketSend)
    i.enc28j60PhyWrite                       0x08005c98   Section        0  enc28j60.o(i.enc28j60PhyWrite)
    i.enc28j60Read                           0x08005cc0   Section        0  enc28j60.o(i.enc28j60Read)
    i.enc28j60ReadBuffer                     0x08005cd4   Section        0  enc28j60.o(i.enc28j60ReadBuffer)
    i.enc28j60ReadBufferWord                 0x08005d10   Section        0  enc28j60.o(i.enc28j60ReadBufferWord)
    enc28j60ReadBufferWord                   0x08005d11   Thumb Code    16  enc28j60.o(i.enc28j60ReadBufferWord)
    i.enc28j60ReadOp                         0x08005d20   Section        0  enc28j60.o(i.enc28j60ReadOp)
    i.enc28j60SendByte                       0x08005d54   Section        0  enc28j60.o(i.enc28j60SendByte)
    i.enc28j60SetBank                        0x08005d78   Section        0  enc28j60.o(i.enc28j60SetBank)
    i.enc28j60Write                          0x08005da8   Section        0  enc28j60.o(i.enc28j60Write)
    i.enc28j60WriteBuffer                    0x08005dc0   Section        0  enc28j60.o(i.enc28j60WriteBuffer)
    i.enc28j60WriteOp                        0x08005dfc   Section        0  enc28j60.o(i.enc28j60WriteOp)
    i.enc28j60WriteWord                      0x08005e24   Section        0  enc28j60.o(i.enc28j60WriteWord)
    i.eth_type_is_arp_and_my_ip              0x08005e40   Section        0  enc28j60.o(i.eth_type_is_arp_and_my_ip)
    i.eth_type_is_ip_and_my_ip               0x08005e7c   Section        0  enc28j60.o(i.eth_type_is_ip_and_my_ip)
    i.fill_data_len                          0x08005ebc   Section        0  enc28j60.o(i.fill_data_len)
    i.fill_ip_hdr_checksum                   0x08005eda   Section        0  enc28j60.o(i.fill_ip_hdr_checksum)
    i.get_tcp_data_len                       0x08005f00   Section        0  enc28j60.o(i.get_tcp_data_len)
    i.main                                   0x08005f1e   Section        0  main.o(i.main)
    i.makeFreeRtosPriority                   0x08005f60   Section        0  cmsis_os.o(i.makeFreeRtosPriority)
    makeFreeRtosPriority                     0x08005f61   Thumb Code    14  cmsis_os.o(i.makeFreeRtosPriority)
    i.make_arp_answer_from_request           0x08005f70   Section        0  enc28j60.o(i.make_arp_answer_from_request)
    i.make_echo_reply_from_request           0x08005fc4   Section        0  enc28j60.o(i.make_echo_reply_from_request)
    i.make_eth                               0x08006000   Section        0  enc28j60.o(i.make_eth)
    i.make_ip                                0x08006020   Section        0  enc28j60.o(i.make_ip)
    i.make_tcp_ack_from_any                  0x08006044   Section        0  enc28j60.o(i.make_tcp_ack_from_any)
    i.make_tcp_ack_with_data                 0x080060a4   Section        0  enc28j60.o(i.make_tcp_ack_with_data)
    i.make_tcp_synack_from_syn               0x080060ec   Section        0  enc28j60.o(i.make_tcp_synack_from_syn)
    i.make_tcphead                           0x0800617c   Section        0  enc28j60.o(i.make_tcphead)
    i.osDelay                                0x080061b8   Section        0  cmsis_os.o(i.osDelay)
    i.osKernelStart                          0x080061c6   Section        0  cmsis_os.o(i.osKernelStart)
    i.osSystickHandler                       0x080061d0   Section        0  cmsis_os.o(i.osSystickHandler)
    i.osThreadCreate                         0x080061e4   Section        0  cmsis_os.o(i.osThreadCreate)
    i.packetloop_icmp_tcp                    0x08006214   Section        0  enc28j60.o(i.packetloop_icmp_tcp)
    i.prvAddCurrentTaskToDelayedList         0x080062b4   Section        0  tasks.o(i.prvAddCurrentTaskToDelayedList)
    prvAddCurrentTaskToDelayedList           0x080062b5   Thumb Code   102  tasks.o(i.prvAddCurrentTaskToDelayedList)
    i.prvAddNewTaskToReadyList               0x08006324   Section        0  tasks.o(i.prvAddNewTaskToReadyList)
    prvAddNewTaskToReadyList                 0x08006325   Thumb Code   194  tasks.o(i.prvAddNewTaskToReadyList)
    i.prvCheckTasksWaitingTermination        0x080063f4   Section        0  tasks.o(i.prvCheckTasksWaitingTermination)
    prvCheckTasksWaitingTermination          0x080063f5   Thumb Code    70  tasks.o(i.prvCheckTasksWaitingTermination)
    i.prvDeleteTCB                           0x08006444   Section        0  tasks.o(i.prvDeleteTCB)
    prvDeleteTCB                             0x08006445   Thumb Code    20  tasks.o(i.prvDeleteTCB)
    i.prvHeapInit                            0x08006458   Section        0  heap_4.o(i.prvHeapInit)
    prvHeapInit                              0x08006459   Thumb Code    70  heap_4.o(i.prvHeapInit)
    i.prvIdleTask                            0x080064a8   Section        0  tasks.o(i.prvIdleTask)
    prvIdleTask                              0x080064a9   Thumb Code    30  tasks.o(i.prvIdleTask)
    i.prvInitialiseNewTask                   0x080064d0   Section        0  tasks.o(i.prvInitialiseNewTask)
    prvInitialiseNewTask                     0x080064d1   Thumb Code   146  tasks.o(i.prvInitialiseNewTask)
    i.prvInsertBlockIntoFreeList             0x08006564   Section        0  heap_4.o(i.prvInsertBlockIntoFreeList)
    prvInsertBlockIntoFreeList               0x08006565   Thumb Code    72  heap_4.o(i.prvInsertBlockIntoFreeList)
    i.prvResetNextTaskUnblockTime            0x080065b0   Section        0  tasks.o(i.prvResetNextTaskUnblockTime)
    prvResetNextTaskUnblockTime              0x080065b1   Thumb Code    26  tasks.o(i.prvResetNextTaskUnblockTime)
    i.prvTaskExitError                       0x080065d0   Section        0  port.o(i.prvTaskExitError)
    prvTaskExitError                         0x080065d1   Thumb Code    42  port.o(i.prvTaskExitError)
    i.pvPortMalloc                           0x08006600   Section        0  heap_4.o(i.pvPortMalloc)
    i.pxPortInitialiseStack                  0x080066e4   Section        0  port.o(i.pxPortInitialiseStack)
    i.step_seq                               0x08006714   Section        0  enc28j60.o(i.step_seq)
    i.tcp_fill_data                          0x08006744   Section        0  enc28j60.o(i.tcp_fill_data)
    i.tcp_server_reply                       0x08006750   Section        0  enc28j60.o(i.tcp_server_reply)
    i.uxListRemove                           0x0800677c   Section        0  list.o(i.uxListRemove)
    i.vListInitialise                        0x080067a0   Section        0  list.o(i.vListInitialise)
    i.vListInitialiseItem                    0x080067b6   Section        0  list.o(i.vListInitialiseItem)
    i.vListInsert                            0x080067bc   Section        0  list.o(i.vListInsert)
    i.vListInsertEnd                         0x080067ec   Section        0  list.o(i.vListInsertEnd)
    i.vPortEnterCritical                     0x08006804   Section        0  port.o(i.vPortEnterCritical)
    i.vPortExitCritical                      0x0800684c   Section        0  port.o(i.vPortExitCritical)
    i.vPortFree                              0x08006878   Section        0  heap_4.o(i.vPortFree)
    i.vPortSetupTimerInterrupt               0x080068dc   Section        0  port.o(i.vPortSetupTimerInterrupt)
    i.vTaskDelay                             0x080068fc   Section        0  tasks.o(i.vTaskDelay)
    i.vTaskStartScheduler                    0x0800694c   Section        0  tasks.o(i.vTaskStartScheduler)
    i.vTaskSuspendAll                        0x080069bc   Section        0  tasks.o(i.vTaskSuspendAll)
    i.vTaskSwitchContext                     0x080069cc   Section        0  tasks.o(i.vTaskSwitchContext)
    i.xPortStartScheduler                    0x08006a2c   Section        0  port.o(i.xPortStartScheduler)
    i.xPortSysTickHandler                    0x08006ad4   Section        0  port.o(i.xPortSysTickHandler)
    i.xTaskCreate                            0x08006b04   Section        0  tasks.o(i.xTaskCreate)
    i.xTaskGetSchedulerState                 0x08006b5c   Section        0  tasks.o(i.xTaskGetSchedulerState)
    i.xTaskIncrementTick                     0x08006b78   Section        0  tasks.o(i.xTaskIncrementTick)
    i.xTaskResumeAll                         0x08006c44   Section        0  tasks.o(i.xTaskResumeAll)
    .constdata                               0x08006d0c   Section       40  freertos.o(.constdata)
    .constdata                               0x08006d34   Section        8  stm32f7xx_hal_dma.o(.constdata)
    flagBitshiftOffset                       0x08006d34   Data           8  stm32f7xx_hal_dma.o(.constdata)
    .constdata                               0x08006d3c   Section       16  system_stm32f7xx.o(.constdata)
    .constdata                               0x08006d4c   Section        8  system_stm32f7xx.o(.constdata)
    .conststring                             0x08006d54   Section       24  freertos.o(.conststring)
    .data                                    0x20000000   Section       60  tasks.o(.data)
    uxDeletedTasksWaitingCleanUp             0x20000004   Data           4  tasks.o(.data)
    uxCurrentNumberOfTasks                   0x20000008   Data           4  tasks.o(.data)
    xTickCount                               0x2000000c   Data           4  tasks.o(.data)
    uxTopReadyPriority                       0x20000010   Data           4  tasks.o(.data)
    xSchedulerRunning                        0x20000014   Data           4  tasks.o(.data)
    uxPendedTicks                            0x20000018   Data           4  tasks.o(.data)
    xYieldPending                            0x2000001c   Data           4  tasks.o(.data)
    xNumOfOverflows                          0x20000020   Data           4  tasks.o(.data)
    uxTaskNumber                             0x20000024   Data           4  tasks.o(.data)
    xNextTaskUnblockTime                     0x20000028   Data           4  tasks.o(.data)
    xIdleTaskHandle                          0x2000002c   Data           4  tasks.o(.data)
    uxSchedulerSuspended                     0x20000030   Data           4  tasks.o(.data)
    pxDelayedTaskList                        0x20000034   Data           4  tasks.o(.data)
    pxOverflowDelayedTaskList                0x20000038   Data           4  tasks.o(.data)
    .data                                    0x2000003c   Section       24  heap_4.o(.data)
    pxEnd                                    0x2000003c   Data           4  heap_4.o(.data)
    xFreeBytesRemaining                      0x20000040   Data           4  heap_4.o(.data)
    xMinimumEverFreeBytesRemaining           0x20000044   Data           4  heap_4.o(.data)
    xBlockAllocatedBit                       0x20000048   Data           4  heap_4.o(.data)
    xStart                                   0x2000004c   Data           8  heap_4.o(.data)
    .data                                    0x20000054   Section       12  port.o(.data)
    ucMaxSysCallPriority                     0x20000054   Data           1  port.o(.data)
    uxCriticalNesting                        0x20000058   Data           4  port.o(.data)
    ulMaxPRIGROUPValue                       0x2000005c   Data           4  port.o(.data)
    .data                                    0x20000060   Section        8  freertos.o(.data)
    .data                                    0x20000068   Section       12  enc28j60.o(.data)
    .data                                    0x20000074   Section        2  user_main.o(.data)
    .data                                    0x20000076   Section       10  user_flash.o(.data)
    .data                                    0x20000080   Section        4  stm32f7xx_hal.o(.data)
    .data                                    0x20000084   Section        4  system_stm32f7xx.o(.data)
    .bss                                     0x20000088   Section      240  tasks.o(.bss)
    pxReadyTasksLists                        0x20000088   Data         140  tasks.o(.bss)
    xDelayedTaskList1                        0x20000114   Data          20  tasks.o(.bss)
    xDelayedTaskList2                        0x20000128   Data          20  tasks.o(.bss)
    xPendingReadyList                        0x2000013c   Data          20  tasks.o(.bss)
    xTasksWaitingTermination                 0x20000150   Data          20  tasks.o(.bss)
    xSuspendedTaskList                       0x20000164   Data          20  tasks.o(.bss)
    .bss                                     0x20000178   Section    15360  heap_4.o(.bss)
    ucHeap                                   0x20000178   Data       15360  heap_4.o(.bss)
    .bss                                     0x20003d78   Section       64  stm32f7xx_hal_timebase_tim.o(.bss)
    .bss                                     0x20003db8   Section       20  dac.o(.bss)
    .bss                                     0x20003dcc   Section      292  spi.o(.bss)
    .bss                                     0x20003ef0   Section      320  tim.o(.bss)
    .bss                                     0x20004030   Section      504  adc.o(.bss)
    .bss                                     0x20004228   Section     1500  enc28j60.o(.bss)
    .bss                                     0x20004804   Section    143168  user_main.o(.bss)
    .bss                                     0x20027744   Section       48  user_flash.o(.bss)
    .bss                                     0x20027774   Section       28  stm32f7xx_hal_flash.o(.bss)
    STACK                                    0x20027790   Section     1024  startup_stm32f745xx.o(STACK)

    Global Symbols

    Symbol Name                              Value     Ov Type        Size  Object(Section)

    BuildAttributes$$THM_ISAv4$E$P$D$K$B$S$7EM$VFPi5$EXTD16$VFPS$VFMA$PE$PLD8$A:L22UL41UL21$X:L11$S22US41US21$IEEE1$IW$USESV6$~STKCKD$USESV7$~SHL$OSPACE$EBA8$MICROLIB$REQ8$PRES8$EABIv2 0x00000000   Number         0  anon$$obj.o ABSOLUTE
    __ARM_use_no_argv                        0x00000000   Number         0  main.o ABSOLUTE
    __cpp_initialize__aeabi_                  - Undefined Weak Reference
    __cxa_finalize                            - Undefined Weak Reference
    __decompress                              - Undefined Weak Reference
    _clock_init                               - Undefined Weak Reference
    _microlib_exit                            - Undefined Weak Reference
    __Vectors_Size                           0x000001c8   Number         0  startup_stm32f745xx.o ABSOLUTE
    __Vectors                                0x08000000   Data           4  startup_stm32f745xx.o(RESET)
    __Vectors_End                            0x080001c8   Data           0  startup_stm32f745xx.o(RESET)
    __main                                   0x080001c9   Thumb Code     0  entry.o(.ARM.Collect$$$$00000000)
    _main_stk                                0x080001c9   Thumb Code     0  entry2.o(.ARM.Collect$$$$00000001)
    _main_scatterload                        0x080001cd   Thumb Code     0  entry5.o(.ARM.Collect$$$$00000004)
    __main_after_scatterload                 0x080001d1   Thumb Code     0  entry5.o(.ARM.Collect$$$$00000004)
    _main_clock                              0x080001d1   Thumb Code     0  entry7b.o(.ARM.Collect$$$$00000008)
    _main_cpp_init                           0x080001d1   Thumb Code     0  entry8b.o(.ARM.Collect$$$$0000000A)
    _main_init                               0x080001d1   Thumb Code     0  entry9a.o(.ARM.Collect$$$$0000000B)
    __rt_final_cpp                           0x080001d9   Thumb Code     0  entry10a.o(.ARM.Collect$$$$0000000D)
    __rt_final_exit                          0x080001d9   Thumb Code     0  entry11a.o(.ARM.Collect$$$$0000000F)
    SVC_Handler                              0x080001dd   Thumb Code    28  port.o(.emb_text)
    __asm___6_port_c_39a90d8d__prvStartFirstTask 0x080001fd   Thumb Code    28  port.o(.emb_text)
    __asm___6_port_c_39a90d8d__prvEnableVFP  0x0800021d   Thumb Code    16  port.o(.emb_text)
    PendSV_Handler                           0x08000231   Thumb Code    92  port.o(.emb_text)
    vPortGetIPSR                             0x08000291   Thumb Code     6  port.o(.emb_text)
    Reset_Handler                            0x08000299   Thumb Code     8  startup_stm32f745xx.o(.text)
    ADC_IRQHandler                           0x080002b3   Thumb Code     0  startup_stm32f745xx.o(.text)
    CAN1_RX0_IRQHandler                      0x080002b3   Thumb Code     0  startup_stm32f745xx.o(.text)
    CAN1_RX1_IRQHandler                      0x080002b3   Thumb Code     0  startup_stm32f745xx.o(.text)
    CAN1_SCE_IRQHandler                      0x080002b3   Thumb Code     0  startup_stm32f745xx.o(.text)
    CAN1_TX_IRQHandler                       0x080002b3   Thumb Code     0  startup_stm32f745xx.o(.text)
    CAN2_RX0_IRQHandler                      0x080002b3   Thumb Code     0  startup_stm32f745xx.o(.text)
    CAN2_RX1_IRQHandler                      0x080002b3   Thumb Code     0  startup_stm32f745xx.o(.text)
    CAN2_SCE_IRQHandler                      0x080002b3   Thumb Code     0  startup_stm32f745xx.o(.text)
    CAN2_TX_IRQHandler                       0x080002b3   Thumb Code     0  startup_stm32f745xx.o(.text)
    CEC_IRQHandler                           0x080002b3   Thumb Code     0  startup_stm32f745xx.o(.text)
    DCMI_IRQHandler                          0x080002b3   Thumb Code     0  startup_stm32f745xx.o(.text)
    DMA1_Stream0_IRQHandler                  0x080002b3   Thumb Code     0  startup_stm32f745xx.o(.text)
    DMA1_Stream1_IRQHandler                  0x080002b3   Thumb Code     0  startup_stm32f745xx.o(.text)
    DMA1_Stream2_IRQHandler                  0x080002b3   Thumb Code     0  startup_stm32f745xx.o(.text)
    DMA1_Stream3_IRQHandler                  0x080002b3   Thumb Code     0  startup_stm32f745xx.o(.text)
    DMA1_Stream4_IRQHandler                  0x080002b3   Thumb Code     0  startup_stm32f745xx.o(.text)
    DMA1_Stream5_IRQHandler                  0x080002b3   Thumb Code     0  startup_stm32f745xx.o(.text)
    DMA1_Stream6_IRQHandler                  0x080002b3   Thumb Code     0  startup_stm32f745xx.o(.text)
    DMA1_Stream7_IRQHandler                  0x080002b3   Thumb Code     0  startup_stm32f745xx.o(.text)
    DMA2D_IRQHandler                         0x080002b3   Thumb Code     0  startup_stm32f745xx.o(.text)
    DMA2_Stream5_IRQHandler                  0x080002b3   Thumb Code     0  startup_stm32f745xx.o(.text)
    DMA2_Stream6_IRQHandler                  0x080002b3   Thumb Code     0  startup_stm32f745xx.o(.text)
    DMA2_Stream7_IRQHandler                  0x080002b3   Thumb Code     0  startup_stm32f745xx.o(.text)
    ETH_IRQHandler                           0x080002b3   Thumb Code     0  startup_stm32f745xx.o(.text)
    ETH_WKUP_IRQHandler                      0x080002b3   Thumb Code     0  startup_stm32f745xx.o(.text)
    EXTI0_IRQHandler                         0x080002b3   Thumb Code     0  startup_stm32f745xx.o(.text)
    EXTI15_10_IRQHandler                     0x080002b3   Thumb Code     0  startup_stm32f745xx.o(.text)
    EXTI1_IRQHandler                         0x080002b3   Thumb Code     0  startup_stm32f745xx.o(.text)
    EXTI2_IRQHandler                         0x080002b3   Thumb Code     0  startup_stm32f745xx.o(.text)
    EXTI3_IRQHandler                         0x080002b3   Thumb Code     0  startup_stm32f745xx.o(.text)
    EXTI4_IRQHandler                         0x080002b3   Thumb Code     0  startup_stm32f745xx.o(.text)
    EXTI9_5_IRQHandler                       0x080002b3   Thumb Code     0  startup_stm32f745xx.o(.text)
    FLASH_IRQHandler                         0x080002b3   Thumb Code     0  startup_stm32f745xx.o(.text)
    FMC_IRQHandler                           0x080002b3   Thumb Code     0  startup_stm32f745xx.o(.text)
    FPU_IRQHandler                           0x080002b3   Thumb Code     0  startup_stm32f745xx.o(.text)
    I2C1_ER_IRQHandler                       0x080002b3   Thumb Code     0  startup_stm32f745xx.o(.text)
    I2C1_EV_IRQHandler                       0x080002b3   Thumb Code     0  startup_stm32f745xx.o(.text)
    I2C2_ER_IRQHandler                       0x080002b3   Thumb Code     0  startup_stm32f745xx.o(.text)
    I2C2_EV_IRQHandler                       0x080002b3   Thumb Code     0  startup_stm32f745xx.o(.text)
    I2C3_ER_IRQHandler                       0x080002b3   Thumb Code     0  startup_stm32f745xx.o(.text)
    I2C3_EV_IRQHandler                       0x080002b3   Thumb Code     0  startup_stm32f745xx.o(.text)
    I2C4_ER_IRQHandler                       0x080002b3   Thumb Code     0  startup_stm32f745xx.o(.text)
    I2C4_EV_IRQHandler                       0x080002b3   Thumb Code     0  startup_stm32f745xx.o(.text)
    LPTIM1_IRQHandler                        0x080002b3   Thumb Code     0  startup_stm32f745xx.o(.text)
    OTG_FS_IRQHandler                        0x080002b3   Thumb Code     0  startup_stm32f745xx.o(.text)
    OTG_FS_WKUP_IRQHandler                   0x080002b3   Thumb Code     0  startup_stm32f745xx.o(.text)
    OTG_HS_EP1_IN_IRQHandler                 0x080002b3   Thumb Code     0  startup_stm32f745xx.o(.text)
    OTG_HS_EP1_OUT_IRQHandler                0x080002b3   Thumb Code     0  startup_stm32f745xx.o(.text)
    OTG_HS_IRQHandler                        0x080002b3   Thumb Code     0  startup_stm32f745xx.o(.text)
    OTG_HS_WKUP_IRQHandler                   0x080002b3   Thumb Code     0  startup_stm32f745xx.o(.text)
    PVD_IRQHandler                           0x080002b3   Thumb Code     0  startup_stm32f745xx.o(.text)
    QUADSPI_IRQHandler                       0x080002b3   Thumb Code     0  startup_stm32f745xx.o(.text)
    RCC_IRQHandler                           0x080002b3   Thumb Code     0  startup_stm32f745xx.o(.text)
    RNG_IRQHandler                           0x080002b3   Thumb Code     0  startup_stm32f745xx.o(.text)
    RTC_Alarm_IRQHandler                     0x080002b3   Thumb Code     0  startup_stm32f745xx.o(.text)
    RTC_WKUP_IRQHandler                      0x080002b3   Thumb Code     0  startup_stm32f745xx.o(.text)
    SAI1_IRQHandler                          0x080002b3   Thumb Code     0  startup_stm32f745xx.o(.text)
    SAI2_IRQHandler                          0x080002b3   Thumb Code     0  startup_stm32f745xx.o(.text)
    SDMMC1_IRQHandler                        0x080002b3   Thumb Code     0  startup_stm32f745xx.o(.text)
    SPDIF_RX_IRQHandler                      0x080002b3   Thumb Code     0  startup_stm32f745xx.o(.text)
    SPI1_IRQHandler                          0x080002b3   Thumb Code     0  startup_stm32f745xx.o(.text)
    SPI2_IRQHandler                          0x080002b3   Thumb Code     0  startup_stm32f745xx.o(.text)
    SPI3_IRQHandler                          0x080002b3   Thumb Code     0  startup_stm32f745xx.o(.text)
    SPI4_IRQHandler                          0x080002b3   Thumb Code     0  startup_stm32f745xx.o(.text)
    SPI5_IRQHandler                          0x080002b3   Thumb Code     0  startup_stm32f745xx.o(.text)
    SPI6_IRQHandler                          0x080002b3   Thumb Code     0  startup_stm32f745xx.o(.text)
    TAMP_STAMP_IRQHandler                    0x080002b3   Thumb Code     0  startup_stm32f745xx.o(.text)
    TIM1_BRK_TIM9_IRQHandler                 0x080002b3   Thumb Code     0  startup_stm32f745xx.o(.text)
    TIM1_CC_IRQHandler                       0x080002b3   Thumb Code     0  startup_stm32f745xx.o(.text)
    TIM1_TRG_COM_TIM11_IRQHandler            0x080002b3   Thumb Code     0  startup_stm32f745xx.o(.text)
    TIM1_UP_TIM10_IRQHandler                 0x080002b3   Thumb Code     0  startup_stm32f745xx.o(.text)
    TIM3_IRQHandler                          0x080002b3   Thumb Code     0  startup_stm32f745xx.o(.text)
    TIM4_IRQHandler                          0x080002b3   Thumb Code     0  startup_stm32f745xx.o(.text)
    TIM5_IRQHandler                          0x080002b3   Thumb Code     0  startup_stm32f745xx.o(.text)
    TIM6_DAC_IRQHandler                      0x080002b3   Thumb Code     0  startup_stm32f745xx.o(.text)
    TIM7_IRQHandler                          0x080002b3   Thumb Code     0  startup_stm32f745xx.o(.text)
    TIM8_BRK_TIM12_IRQHandler                0x080002b3   Thumb Code     0  startup_stm32f745xx.o(.text)
    TIM8_CC_IRQHandler                       0x080002b3   Thumb Code     0  startup_stm32f745xx.o(.text)
    TIM8_TRG_COM_TIM14_IRQHandler            0x080002b3   Thumb Code     0  startup_stm32f745xx.o(.text)
    TIM8_UP_TIM13_IRQHandler                 0x080002b3   Thumb Code     0  startup_stm32f745xx.o(.text)
    UART4_IRQHandler                         0x080002b3   Thumb Code     0  startup_stm32f745xx.o(.text)
    UART5_IRQHandler                         0x080002b3   Thumb Code     0  startup_stm32f745xx.o(.text)
    UART7_IRQHandler                         0x080002b3   Thumb Code     0  startup_stm32f745xx.o(.text)
    UART8_IRQHandler                         0x080002b3   Thumb Code     0  startup_stm32f745xx.o(.text)
    USART1_IRQHandler                        0x080002b3   Thumb Code     0  startup_stm32f745xx.o(.text)
    USART2_IRQHandler                        0x080002b3   Thumb Code     0  startup_stm32f745xx.o(.text)
    USART3_IRQHandler                        0x080002b3   Thumb Code     0  startup_stm32f745xx.o(.text)
    USART6_IRQHandler                        0x080002b3   Thumb Code     0  startup_stm32f745xx.o(.text)
    WWDG_IRQHandler                          0x080002b3   Thumb Code     0  startup_stm32f745xx.o(.text)
    __aeabi_memcpy                           0x080002bd   Thumb Code    36  memcpya.o(.text)
    __aeabi_memcpy4                          0x080002bd   Thumb Code     0  memcpya.o(.text)
    __aeabi_memcpy8                          0x080002bd   Thumb Code     0  memcpya.o(.text)
    __scatterload                            0x080002e1   Thumb Code    28  init.o(.text)
    __scatterload_rt2                        0x080002e1   Thumb Code     0  init.o(.text)
    BusFault_Handler                         0x0800050d   Thumb Code     2  stm32f7xx_it.o(i.BusFault_Handler)
    DMA2_Stream0_IRQHandler                  0x08000511   Thumb Code     6  stm32f7xx_it.o(i.DMA2_Stream0_IRQHandler)
    DMA2_Stream1_IRQHandler                  0x0800051d   Thumb Code     6  stm32f7xx_it.o(i.DMA2_Stream1_IRQHandler)
    DMA2_Stream2_IRQHandler                  0x08000529   Thumb Code     6  stm32f7xx_it.o(i.DMA2_Stream2_IRQHandler)
    DMA2_Stream3_IRQHandler                  0x08000535   Thumb Code     6  stm32f7xx_it.o(i.DMA2_Stream3_IRQHandler)
    DMA2_Stream4_IRQHandler                  0x08000541   Thumb Code     6  stm32f7xx_it.o(i.DMA2_Stream4_IRQHandler)
    DebugMon_Handler                         0x080005f1   Thumb Code     2  stm32f7xx_it.o(i.DebugMon_Handler)
    FLASH_Erase_Sector                       0x080005f5   Thumb Code   150  stm32f7xx_hal_flash_ex.o(i.FLASH_Erase_Sector)
    FLASH_WaitForLastOperation               0x08000959   Thumb Code    76  stm32f7xx_hal_flash.o(i.FLASH_WaitForLastOperation)
    HAL_ADC_ConfigChannel                    0x080009ad   Thumb Code   484  stm32f7xx_hal_adc.o(i.HAL_ADC_ConfigChannel)
    HAL_ADC_ConvCpltCallback                 0x08000bd9   Thumb Code     2  stm32f7xx_hal_adc.o(i.HAL_ADC_ConvCpltCallback)
    HAL_ADC_ConvHalfCpltCallback             0x08000bdb   Thumb Code     2  stm32f7xx_hal_adc.o(i.HAL_ADC_ConvHalfCpltCallback)
    HAL_ADC_ErrorCallback                    0x08000bdd   Thumb Code     2  stm32f7xx_hal_adc.o(i.HAL_ADC_ErrorCallback)
    HAL_ADC_Init                             0x08000be1   Thumb Code   460  stm32f7xx_hal_adc.o(i.HAL_ADC_Init)
    HAL_ADC_MspInit                          0x08000df5   Thumb Code   320  adc.o(i.HAL_ADC_MspInit)
    HAL_ADC_Start_DMA                        0x08000f69   Thumb Code   280  stm32f7xx_hal_adc.o(i.HAL_ADC_Start_DMA)
    HAL_DAC_ConfigChannel                    0x080010d1   Thumb Code   152  stm32f7xx_hal_dac.o(i.HAL_DAC_ConfigChannel)
    HAL_DAC_Init                             0x080011a1   Thumb Code    56  stm32f7xx_hal_dac.o(i.HAL_DAC_Init)
    HAL_DAC_MspInit                          0x08001215   Thumb Code    52  dac.o(i.HAL_DAC_MspInit)
    HAL_DAC_SetValue                         0x08001255   Thumb Code    92  stm32f7xx_hal_dac.o(i.HAL_DAC_SetValue)
    HAL_DAC_Start                            0x080012e9   Thumb Code   126  stm32f7xx_hal_dac.o(i.HAL_DAC_Start)
    HAL_DMA_IRQHandler                       0x080013a1   Thumb Code   414  stm32f7xx_hal_dma.o(i.HAL_DMA_IRQHandler)
    HAL_DMA_Init                             0x08001549   Thumb Code   678  stm32f7xx_hal_dma.o(i.HAL_DMA_Init)
    HAL_DMA_Start_IT                         0x08001835   Thumb Code   152  stm32f7xx_hal_dma.o(i.HAL_DMA_Start_IT)
    HAL_FLASH_Lock                           0x08001905   Thumb Code    14  stm32f7xx_hal_flash.o(i.HAL_FLASH_Lock)
    HAL_FLASH_Program                        0x08001919   Thumb Code   144  stm32f7xx_hal_flash.o(i.HAL_FLASH_Program)
    HAL_FLASH_Unlock                         0x080019ed   Thumb Code    28  stm32f7xx_hal_flash.o(i.HAL_FLASH_Unlock)
    HAL_GPIO_Init                            0x08001a15   Thumb Code   694  stm32f7xx_hal_gpio.o(i.HAL_GPIO_Init)
    HAL_GPIO_ReadPin                         0x08001d59   Thumb Code    28  stm32f7xx_hal_gpio.o(i.HAL_GPIO_ReadPin)
    HAL_GPIO_TogglePin                       0x08001db1   Thumb Code    26  stm32f7xx_hal_gpio.o(i.HAL_GPIO_TogglePin)
    HAL_GPIO_WritePin                        0x08001e09   Thumb Code    46  stm32f7xx_hal_gpio.o(i.HAL_GPIO_WritePin)
    HAL_GetTick                              0x08001e75   Thumb Code     6  stm32f7xx_hal.o(i.HAL_GetTick)
    HAL_IncTick                              0x08001e81   Thumb Code    10  stm32f7xx_hal.o(i.HAL_IncTick)
    HAL_Init                                 0x08001e91   Thumb Code    22  stm32f7xx_hal.o(i.HAL_Init)
    HAL_InitTick                             0x08001ea9   Thumb Code   102  stm32f7xx_hal_timebase_tim.o(i.HAL_InitTick)
    HAL_MspInit                              0x08001f1d   Thumb Code    88  stm32f7xx_hal_msp.o(i.HAL_MspInit)
    HAL_NVIC_EnableIRQ                       0x08001f75   Thumb Code    36  stm32f7xx_hal_cortex.o(i.HAL_NVIC_EnableIRQ)
    HAL_NVIC_SetPriority                     0x08001fd5   Thumb Code    92  stm32f7xx_hal_cortex.o(i.HAL_NVIC_SetPriority)
    HAL_NVIC_SetPriorityGrouping             0x08002071   Thumb Code    58  stm32f7xx_hal_cortex.o(i.HAL_NVIC_SetPriorityGrouping)
    HAL_PWREx_EnableOverDrive                0x080020f1   Thumb Code   100  stm32f7xx_hal_pwr_ex.o(i.HAL_PWREx_EnableOverDrive)
    HAL_RCC_ClockConfig                      0x0800215d   Thumb Code   576  stm32f7xx_hal_rcc.o(i.HAL_RCC_ClockConfig)
    HAL_RCC_GetClockConfig                   0x080023e5   Thumb Code    56  stm32f7xx_hal_rcc.o(i.HAL_RCC_GetClockConfig)
    HAL_RCC_GetHCLKFreq                      0x08002425   Thumb Code     6  stm32f7xx_hal_rcc.o(i.HAL_RCC_GetHCLKFreq)
    HAL_RCC_GetPCLK1Freq                     0x08002431   Thumb Code    34  stm32f7xx_hal_rcc.o(i.HAL_RCC_GetPCLK1Freq)
    HAL_RCC_GetSysClockFreq                  0x08002461   Thumb Code   120  stm32f7xx_hal_rcc.o(i.HAL_RCC_GetSysClockFreq)
    HAL_RCC_OscConfig                        0x080024e1   Thumb Code  1178  stm32f7xx_hal_rcc.o(i.HAL_RCC_OscConfig)
    HAL_SPI_ErrorCallback                    0x0800297b   Thumb Code     2  stm32f7xx_hal_spi.o(i.HAL_SPI_ErrorCallback)
    HAL_SPI_GetState                         0x0800297d   Thumb Code     6  stm32f7xx_hal_spi.o(i.HAL_SPI_GetState)
    HAL_SPI_Init                             0x08002985   Thumb Code   546  stm32f7xx_hal_spi.o(i.HAL_SPI_Init)
    HAL_SPI_MspInit                          0x08002bf9   Thumb Code   170  spi.o(i.HAL_SPI_MspInit)
    HAL_SPI_RxCpltCallback                   0x08002cc9   Thumb Code     2  stm32f7xx_hal_spi.o(i.HAL_SPI_RxCpltCallback)
    HAL_SPI_RxHalfCpltCallback               0x08002ccb   Thumb Code     2  stm32f7xx_hal_spi.o(i.HAL_SPI_RxHalfCpltCallback)
    HAL_SPI_TransmitReceive                  0x08002ccd   Thumb Code   566  stm32f7xx_hal_spi.o(i.HAL_SPI_TransmitReceive)
    HAL_SPI_TransmitReceive_DMA              0x08002f3d   Thumb Code   434  stm32f7xx_hal_spi.o(i.HAL_SPI_TransmitReceive_DMA)
    HAL_SPI_TxRxCpltCallback                 0x0800313d   Thumb Code     2  stm32f7xx_hal_spi.o(i.HAL_SPI_TxRxCpltCallback)
    HAL_SPI_TxRxHalfCpltCallback             0x0800313f   Thumb Code     2  stm32f7xx_hal_spi.o(i.HAL_SPI_TxRxHalfCpltCallback)
    HAL_SYSTICK_CLKSourceConfig              0x08003141   Thumb Code    40  stm32f7xx_hal_cortex.o(i.HAL_SYSTICK_CLKSourceConfig)
    HAL_SYSTICK_Config                       0x080031a5   Thumb Code    38  stm32f7xx_hal_cortex.o(i.HAL_SYSTICK_Config)
    HAL_TIMEx_BreakCallback                  0x080031cb   Thumb Code     2  stm32f7xx_hal_tim_ex.o(i.HAL_TIMEx_BreakCallback)
    HAL_TIMEx_CommutationCallback            0x080031cd   Thumb Code     2  stm32f7xx_hal_tim_ex.o(i.HAL_TIMEx_CommutationCallback)
    HAL_TIMEx_MasterConfigSynchronization    0x080031d1   Thumb Code   314  stm32f7xx_hal_tim_ex.o(i.HAL_TIMEx_MasterConfigSynchronization)
    HAL_TIM_Base_Init                        0x08003361   Thumb Code   216  stm32f7xx_hal_tim.o(i.HAL_TIM_Base_Init)
    HAL_TIM_Base_MspInit                     0x080034a5   Thumb Code   100  tim.o(i.HAL_TIM_Base_MspInit)
    HAL_TIM_Base_Start_IT                    0x0800351d   Thumb Code   124  stm32f7xx_hal_tim.o(i.HAL_TIM_Base_Start_IT)
    HAL_TIM_ConfigClockSource                0x08003605   Thumb Code  1136  stm32f7xx_hal_tim.o(i.HAL_TIM_ConfigClockSource)
    HAL_TIM_IC_CaptureCallback               0x08003a75   Thumb Code     2  stm32f7xx_hal_tim.o(i.HAL_TIM_IC_CaptureCallback)
    HAL_TIM_IRQHandler                       0x08003a77   Thumb Code   382  stm32f7xx_hal_tim.o(i.HAL_TIM_IRQHandler)
    HAL_TIM_MspPostInit                      0x08003bf5   Thumb Code    76  tim.o(i.HAL_TIM_MspPostInit)
    HAL_TIM_OC_DelayElapsedCallback          0x08003c51   Thumb Code     2  stm32f7xx_hal_tim.o(i.HAL_TIM_OC_DelayElapsedCallback)
    HAL_TIM_PWM_ConfigChannel                0x08003c55   Thumb Code   722  stm32f7xx_hal_tim_ex.o(i.HAL_TIM_PWM_ConfigChannel)
    HAL_TIM_PWM_Init                         0x08003f91   Thumb Code   224  stm32f7xx_hal_tim.o(i.HAL_TIM_PWM_Init)
    HAL_TIM_PWM_MspInit                      0x080040dd   Thumb Code    30  tim.o(i.HAL_TIM_PWM_MspInit)
    HAL_TIM_PWM_PulseFinishedCallback        0x08004105   Thumb Code     2  stm32f7xx_hal_tim.o(i.HAL_TIM_PWM_PulseFinishedCallback)
    HAL_TIM_PeriodElapsedCallback            0x08004107   Thumb Code    14  main.o(i.HAL_TIM_PeriodElapsedCallback)
    HAL_TIM_TriggerCallback                  0x08004115   Thumb Code     2  stm32f7xx_hal_tim.o(i.HAL_TIM_TriggerCallback)
    HardFault_Handler                        0x08004117   Thumb Code     2  stm32f7xx_it.o(i.HardFault_Handler)
    MX_ADC1_Init                             0x08004119   Thumb Code   236  adc.o(i.MX_ADC1_Init)
    MX_ADC2_Init                             0x08004221   Thumb Code    86  adc.o(i.MX_ADC2_Init)
    MX_ADC3_Init                             0x08004291   Thumb Code   164  adc.o(i.MX_ADC3_Init)
    MX_DAC_Init                              0x0800434d   Thumb Code    74  dac.o(i.MX_DAC_Init)
    MX_DMA_Init                              0x080043b1   Thumb Code   104  dma.o(i.MX_DMA_Init)
    MX_ENC28J60_Init                         0x0800441d   Thumb Code   260  enc28j60.o(i.MX_ENC28J60_Init)
    MX_FLASH_DefaultIP                       0x0800452d   Thumb Code    42  user_flash.o(i.MX_FLASH_DefaultIP)
    MX_FLASH_DefaultSettings                 0x0800455d   Thumb Code   110  user_flash.o(i.MX_FLASH_DefaultSettings)
    MX_FLASH_LoadIP                          0x080045d1   Thumb Code    40  user_flash.o(i.MX_FLASH_LoadIP)
    MX_FLASH_LoadSettings                    0x08004601   Thumb Code    44  user_flash.o(i.MX_FLASH_LoadSettings)
    MX_FLASH_SaveIP                          0x08004635   Thumb Code    48  user_flash.o(i.MX_FLASH_SaveIP)
    MX_FLASH_SaveSettings                    0x0800466d   Thumb Code    52  user_flash.o(i.MX_FLASH_SaveSettings)
    MX_FREERTOS_Init                         0x080046a9   Thumb Code    52  freertos.o(i.MX_FREERTOS_Init)
    MX_GPIO_Init                             0x080046e5   Thumb Code   448  gpio.o(i.MX_GPIO_Init)
    MX_SPI1_Init                             0x080048bd   Thumb Code    74  spi.o(i.MX_SPI1_Init)
    MX_TIM10_Init                            0x08004921   Thumb Code    94  tim.o(i.MX_TIM10_Init)
    MX_TIM11_Init                            0x08004999   Thumb Code    94  tim.o(i.MX_TIM11_Init)
    MX_TIM4_Init                             0x08004a11   Thumb Code   100  tim.o(i.MX_TIM4_Init)
    MX_TIM6_Init                             0x08004a8d   Thumb Code    62  tim.o(i.MX_TIM6_Init)
    MX_TIM8_Init                             0x08004ae5   Thumb Code    96  tim.o(i.MX_TIM8_Init)
    MemManage_Handler                        0x08004b5d   Thumb Code     2  stm32f7xx_it.o(i.MemManage_Handler)
    NMI_Handler                              0x08004b5f   Thumb Code     2  stm32f7xx_it.o(i.NMI_Handler)
    StartDefaultTask                         0x08004e53   Thumb Code    16  freertos.o(i.StartDefaultTask)
    StartStatusTask                          0x08004e63   Thumb Code    16  freertos.o(i.StartStatusTask)
    SysTick_Handler                          0x08004e73   Thumb Code     4  stm32f7xx_it.o(i.SysTick_Handler)
    SystemClock_Config                       0x08004e79   Thumb Code   156  main.o(i.SystemClock_Config)
    SystemInit                               0x08004f1d   Thumb Code    68  system_stm32f7xx.o(i.SystemInit)
    TIM2_IRQHandler                          0x08004f71   Thumb Code     6  stm32f7xx_it.o(i.TIM2_IRQHandler)
    TIM_Base_SetConfig                       0x08004f7d   Thumb Code   158  stm32f7xx_hal_tim.o(i.TIM_Base_SetConfig)
    TIM_CCxChannelCmd                        0x08005049   Thumb Code   146  stm32f7xx_hal_tim.o(i.TIM_CCxChannelCmd)
    TIM_ETR_SetConfig                        0x08005141   Thumb Code    18  stm32f7xx_hal_tim.o(i.TIM_ETR_SetConfig)
    TIM_OC1_SetConfig                        0x08005165   Thumb Code    90  stm32f7xx_hal_tim.o(i.TIM_OC1_SetConfig)
    TIM_OC2_SetConfig                        0x080051cd   Thumb Code   128  stm32f7xx_hal_tim.o(i.TIM_OC2_SetConfig)
    TIM_OC3_SetConfig                        0x08005291   Thumb Code   126  stm32f7xx_hal_tim.o(i.TIM_OC3_SetConfig)
    TIM_OC4_SetConfig                        0x08005355   Thumb Code   106  stm32f7xx_hal_tim.o(i.TIM_OC4_SetConfig)
    USER_MAIN_CalculateValues                0x080054fd   Thumb Code    76  user_main.o(i.USER_MAIN_CalculateValues)
    USER_MAIN_ENC26J60_COM_Cancel            0x0800554d   Thumb Code    24  user_main.o(i.USER_MAIN_ENC26J60_COM_Cancel)
    USER_MAIN_ENC26J60_COM_ChangeIP          0x08005569   Thumb Code    36  user_main.o(i.USER_MAIN_ENC26J60_COM_ChangeIP)
    USER_MAIN_ENC26J60_COM_Check             0x08005595   Thumb Code    48  user_main.o(i.USER_MAIN_ENC26J60_COM_Check)
    USER_MAIN_ENC26J60_COM_Load              0x080055cd   Thumb Code    46  user_main.o(i.USER_MAIN_ENC26J60_COM_Load)
    USER_MAIN_ENC26J60_COM_Power             0x08005609   Thumb Code    72  user_main.o(i.USER_MAIN_ENC26J60_COM_Power)
    USER_MAIN_ENC26J60_COM_Prepare           0x08005659   Thumb Code    24  user_main.o(i.USER_MAIN_ENC26J60_COM_Prepare)
    USER_MAIN_ENC26J60_COM_Reset             0x08005675   Thumb Code    18  user_main.o(i.USER_MAIN_ENC26J60_COM_Reset)
    USER_MAIN_ENC26J60_COM_Save              0x08005689   Thumb Code    48  user_main.o(i.USER_MAIN_ENC26J60_COM_Save)
    USER_MAIN_ENC26J60_COM_Triac             0x080056c1   Thumb Code    50  user_main.o(i.USER_MAIN_ENC26J60_COM_Triac)
    USER_MAIN_ENC26J60_COM_Xray              0x080056fd   Thumb Code    24  user_main.o(i.USER_MAIN_ENC26J60_COM_Xray)
    USER_MAIN_ENC26J60_CheckPackets          0x08005719   Thumb Code   256  user_main.o(i.USER_MAIN_ENC26J60_CheckPackets)
    USER_MAIN_ENC26J60_Checksum              0x08005825   Thumb Code    28  user_main.o(i.USER_MAIN_ENC26J60_Checksum)
    USER_MAIN_ENC26J60_SendReply             0x08005841   Thumb Code    40  user_main.o(i.USER_MAIN_ENC26J60_SendReply)
    USER_MAIN_StartupError                   0x08005871   Thumb Code    62  user_main.o(i.USER_MAIN_StartupError)
    USER_MAIN_StartupInit                    0x080058bd   Thumb Code   616  user_main.o(i.USER_MAIN_StartupInit)
    UsageFault_Handler                       0x08005b59   Thumb Code     2  stm32f7xx_it.o(i.UsageFault_Handler)
    _Error_Handler                           0x08005b5b   Thumb Code     2  main.o(i._Error_Handler)
    __scatterload_copy                       0x08005b5d   Thumb Code    14  handlers.o(i.__scatterload_copy)
    __scatterload_null                       0x08005b6b   Thumb Code     2  handlers.o(i.__scatterload_null)
    __scatterload_zeroinit                   0x08005b6d   Thumb Code    14  handlers.o(i.__scatterload_zeroinit)
    assert_failed                            0x08005b7b   Thumb Code     2  main.o(i.assert_failed)
    checksum                                 0x08005b7d   Thumb Code    56  enc28j60.o(i.checksum)
    enc28j60PacketReceive                    0x08005bb5   Thumb Code   118  enc28j60.o(i.enc28j60PacketReceive)
    enc28j60PacketSend                       0x08005c31   Thumb Code   104  enc28j60.o(i.enc28j60PacketSend)
    enc28j60PhyWrite                         0x08005c99   Thumb Code    40  enc28j60.o(i.enc28j60PhyWrite)
    enc28j60Read                             0x08005cc1   Thumb Code    20  enc28j60.o(i.enc28j60Read)
    enc28j60ReadBuffer                       0x08005cd5   Thumb Code    48  enc28j60.o(i.enc28j60ReadBuffer)
    enc28j60ReadOp                           0x08005d21   Thumb Code    46  enc28j60.o(i.enc28j60ReadOp)
    enc28j60SendByte                         0x08005d55   Thumb Code    26  enc28j60.o(i.enc28j60SendByte)
    enc28j60SetBank                          0x08005d79   Thumb Code    42  enc28j60.o(i.enc28j60SetBank)
    enc28j60Write                            0x08005da9   Thumb Code    24  enc28j60.o(i.enc28j60Write)
    enc28j60WriteBuffer                      0x08005dc1   Thumb Code    48  enc28j60.o(i.enc28j60WriteBuffer)
    enc28j60WriteOp                          0x08005dfd   Thumb Code    34  enc28j60.o(i.enc28j60WriteOp)
    enc28j60WriteWord                        0x08005e25   Thumb Code    26  enc28j60.o(i.enc28j60WriteWord)
    eth_type_is_arp_and_my_ip                0x08005e41   Thumb Code    56  enc28j60.o(i.eth_type_is_arp_and_my_ip)
    eth_type_is_ip_and_my_ip                 0x08005e7d   Thumb Code    58  enc28j60.o(i.eth_type_is_ip_and_my_ip)
    fill_data_len                            0x08005ebd   Thumb Code    30  enc28j60.o(i.fill_data_len)
    fill_ip_hdr_checksum                     0x08005edb   Thumb Code    38  enc28j60.o(i.fill_ip_hdr_checksum)
    get_tcp_data_len                         0x08005f01   Thumb Code    30  enc28j60.o(i.get_tcp_data_len)
    main                                     0x08005f1f   Thumb Code    66  main.o(i.main)
    make_arp_answer_from_request             0x08005f71   Thumb Code    76  enc28j60.o(i.make_arp_answer_from_request)
    make_echo_reply_from_request             0x08005fc5   Thumb Code    58  enc28j60.o(i.make_echo_reply_from_request)
    make_eth                                 0x08006001   Thumb Code    26  enc28j60.o(i.make_eth)
    make_ip                                  0x08006021   Thumb Code    30  enc28j60.o(i.make_ip)
    make_tcp_ack_from_any                    0x08006045   Thumb Code    96  enc28j60.o(i.make_tcp_ack_from_any)
    make_tcp_ack_with_data                   0x080060a5   Thumb Code    72  enc28j60.o(i.make_tcp_ack_with_data)
    make_tcp_synack_from_syn                 0x080060ed   Thumb Code   138  enc28j60.o(i.make_tcp_synack_from_syn)
    make_tcphead                             0x0800617d   Thumb Code    60  enc28j60.o(i.make_tcphead)
    osDelay                                  0x080061b9   Thumb Code    14  cmsis_os.o(i.osDelay)
    osKernelStart                            0x080061c7   Thumb Code    10  cmsis_os.o(i.osKernelStart)
    osSystickHandler                         0x080061d1   Thumb Code    20  cmsis_os.o(i.osSystickHandler)
    osThreadCreate                           0x080061e5   Thumb Code    46  cmsis_os.o(i.osThreadCreate)
    packetloop_icmp_tcp                      0x08006215   Thumb Code   154  enc28j60.o(i.packetloop_icmp_tcp)
    pvPortMalloc                             0x08006601   Thumb Code   222  heap_4.o(i.pvPortMalloc)
    pxPortInitialiseStack                    0x080066e5   Thumb Code    42  port.o(i.pxPortInitialiseStack)
    step_seq                                 0x08006715   Thumb Code    48  enc28j60.o(i.step_seq)
    tcp_fill_data                            0x08006745   Thumb Code    10  enc28j60.o(i.tcp_fill_data)
    tcp_server_reply                         0x08006751   Thumb Code    38  enc28j60.o(i.tcp_server_reply)
    uxListRemove                             0x0800677d   Thumb Code    36  list.o(i.uxListRemove)
    vListInitialise                          0x080067a1   Thumb Code    22  list.o(i.vListInitialise)
    vListInitialiseItem                      0x080067b7   Thumb Code     6  list.o(i.vListInitialiseItem)
    vListInsert                              0x080067bd   Thumb Code    48  list.o(i.vListInsert)
    vListInsertEnd                           0x080067ed   Thumb Code    24  list.o(i.vListInsertEnd)
    vPortEnterCritical                       0x08006805   Thumb Code    62  port.o(i.vPortEnterCritical)
    vPortExitCritical                        0x0800684d   Thumb Code    38  port.o(i.vPortExitCritical)
    vPortFree                                0x08006879   Thumb Code    96  heap_4.o(i.vPortFree)
    vPortSetupTimerInterrupt                 0x080068dd   Thumb Code    26  port.o(i.vPortSetupTimerInterrupt)
    vTaskDelay                               0x080068fd   Thumb Code    70  tasks.o(i.vTaskDelay)
    vTaskStartScheduler                      0x0800694d   Thumb Code    94  tasks.o(i.vTaskStartScheduler)
    vTaskSuspendAll                          0x080069bd   Thumb Code    10  tasks.o(i.vTaskSuspendAll)
    vTaskSwitchContext                       0x080069cd   Thumb Code    86  tasks.o(i.vTaskSwitchContext)
    xPortStartScheduler                      0x08006a2d   Thumb Code   152  port.o(i.xPortStartScheduler)
    xPortSysTickHandler                      0x08006ad5   Thumb Code    42  port.o(i.xPortSysTickHandler)
    xTaskCreate                              0x08006b05   Thumb Code    86  tasks.o(i.xTaskCreate)
    xTaskGetSchedulerState                   0x08006b5d   Thumb Code    22  tasks.o(i.xTaskGetSchedulerState)
    xTaskIncrementTick                       0x08006b79   Thumb Code   196  tasks.o(i.xTaskIncrementTick)
    xTaskResumeAll                           0x08006c45   Thumb Code   188  tasks.o(i.xTaskResumeAll)
    AHBPrescTable                            0x08006d3c   Data          16  system_stm32f7xx.o(.constdata)
    APBPrescTable                            0x08006d4c   Data           8  system_stm32f7xx.o(.constdata)
    Region$$Table$$Base                      0x08006d6c   Number         0  anon$$obj.o(Region$$Table)
    Region$$Table$$Limit                     0x08006d8c   Number         0  anon$$obj.o(Region$$Table)
    pxCurrentTCB                             0x20000000   Data           4  tasks.o(.data)
    defaultTaskHandle                        0x20000060   Data           4  freertos.o(.data)
    statusTaskHandle                         0x20000064   Data           4  freertos.o(.data)
    seqnum                                   0x20000068   Data           1  enc28j60.o(.data)
    encBank                                  0x20000069   Data           1  enc28j60.o(.data)
    info_data_len                            0x2000006a   Data           2  enc28j60.o(.data)
    gNextPacketPtr                           0x2000006c   Data           2  enc28j60.o(.data)
    icmp_callback                            0x20000070   Data           4  enc28j60.o(.data)
    LED_STEP                                 0x20000074   Data           1  user_main.o(.data)
    LED_COUNT                                0x20000075   Data           1  user_main.o(.data)
    FLASH_IPADDR                             0x20000076   Data           4  user_flash.o(.data)
    FLASH_MACADDR                            0x2000007a   Data           6  user_flash.o(.data)
    uwTick                                   0x20000080   Data           4  stm32f7xx_hal.o(.data)
    SystemCoreClock                          0x20000084   Data           4  system_stm32f7xx.o(.data)
    htim2                                    0x20003d78   Data          64  stm32f7xx_hal_timebase_tim.o(.bss)
    hdac                                     0x20003db8   Data          20  dac.o(.bss)
    hspi1                                    0x20003dcc   Data         100  spi.o(.bss)
    hdma_spi1_rx                             0x20003e30   Data          96  spi.o(.bss)
    hdma_spi1_tx                             0x20003e90   Data          96  spi.o(.bss)
    htim4                                    0x20003ef0   Data          64  tim.o(.bss)
    htim6                                    0x20003f30   Data          64  tim.o(.bss)
    htim8                                    0x20003f70   Data          64  tim.o(.bss)
    htim10                                   0x20003fb0   Data          64  tim.o(.bss)
    htim11                                   0x20003ff0   Data          64  tim.o(.bss)
    hadc1                                    0x20004030   Data          72  adc.o(.bss)
    hadc2                                    0x20004078   Data          72  adc.o(.bss)
    hadc3                                    0x200040c0   Data          72  adc.o(.bss)
    hdma_adc1                                0x20004108   Data          96  adc.o(.bss)
    hdma_adc2                                0x20004168   Data          96  adc.o(.bss)
    hdma_adc3                                0x200041c8   Data          96  adc.o(.bss)
    tmp_buffer                               0x20004228   Data        1500  enc28j60.o(.bss)
    TCP_READ_BUFFER                          0x20004804   Data        1500  user_main.o(.bss)
    TCP_WRITE_BUFFER                         0x20004de0   Data        1500  user_main.o(.bss)
    ADC1_TMP_VALUES                          0x200053bc   Data          14  user_main.o(.bss)
    ADC1_DMA_VALUES                          0x200053ca   Data          14  user_main.o(.bss)
    ADC1_DMA_BUFFER                          0x200053d8   Data         140  user_main.o(.bss)
    ADC2_DMA_BUFFER                          0x20005464   Data       28000  user_main.o(.bss)
    ADC3_DMA_BUFFER                          0x2000c1c4   Data       112000  user_main.o(.bss)
    FLASH_SETTINGS                           0x20027744   Data          48  user_flash.o(.bss)
    pFlash                                   0x20027774   Data          28  stm32f7xx_hal_flash.o(.bss)
    __initial_sp                             0x20027b90   Data           0  startup_stm32f745xx.o(STACK)



==============================================================================

Memory Map of the image

  Image Entry point : 0x080001c9

  Load Region LR_IROM1 (Base: 0x08000000, Size: 0x00006e14, Max: 0x00080000, ABSOLUTE)

    Execution Region ER_IROM1 (Exec base: 0x08000000, Load base: 0x08000000, Size: 0x00006d8c, Max: 0x00080000, ABSOLUTE)

    Exec Addr    Load Addr    Size         Type   Attr      Idx    E Section Name        Object

    0x08000000   0x08000000   0x000001c8   Data   RO         2181    RESET               startup_stm32f745xx.o
    0x080001c8   0x080001c8   0x00000000   Code   RO         5465  * .ARM.Collect$$$$00000000  mc_w.l(entry.o)
    0x080001c8   0x080001c8   0x00000004   Code   RO         5474    .ARM.Collect$$$$00000001  mc_w.l(entry2.o)
    0x080001cc   0x080001cc   0x00000004   Code   RO         5477    .ARM.Collect$$$$00000004  mc_w.l(entry5.o)
    0x080001d0   0x080001d0   0x00000000   Code   RO         5479    .ARM.Collect$$$$00000008  mc_w.l(entry7b.o)
    0x080001d0   0x080001d0   0x00000000   Code   RO         5481    .ARM.Collect$$$$0000000A  mc_w.l(entry8b.o)
    0x080001d0   0x080001d0   0x00000008   Code   RO         5482    .ARM.Collect$$$$0000000B  mc_w.l(entry9a.o)
    0x080001d8   0x080001d8   0x00000000   Code   RO         5484    .ARM.Collect$$$$0000000D  mc_w.l(entry10a.o)
    0x080001d8   0x080001d8   0x00000000   Code   RO         5486    .ARM.Collect$$$$0000000F  mc_w.l(entry11a.o)
    0x080001d8   0x080001d8   0x00000004   Code   RO         5475    .ARM.Collect$$$$00002712  mc_w.l(entry2.o)
    0x080001dc   0x080001dc   0x000000ba   Code   RO         1042    .emb_text           port.o
    0x08000296   0x08000296   0x00000002   PAD
    0x08000298   0x08000298   0x00000024   Code   RO         2182    .text               startup_stm32f745xx.o
    0x080002bc   0x080002bc   0x00000024   Code   RO         5468    .text               mc_w.l(memcpya.o)
    0x080002e0   0x080002e0   0x00000024   Code   RO         5488    .text               mc_w.l(init.o)
    0x08000304   0x08000304   0x00000062   Code   RO         4708    i.ADC_DMAConvCplt   stm32f7xx_hal_adc.o
    0x08000366   0x08000366   0x00000016   Code   RO         4709    i.ADC_DMAError      stm32f7xx_hal_adc.o
    0x0800037c   0x0800037c   0x0000000a   Code   RO         4710    i.ADC_DMAHalfConvCplt  stm32f7xx_hal_adc.o
    0x08000386   0x08000386   0x00000002   PAD
    0x08000388   0x08000388   0x00000184   Code   RO         4711    i.ADC_Init          stm32f7xx_hal_adc.o
    0x0800050c   0x0800050c   0x00000002   Code   RO         1432    i.BusFault_Handler  stm32f7xx_it.o
    0x0800050e   0x0800050e   0x00000002   PAD
    0x08000510   0x08000510   0x0000000c   Code   RO         1433    i.DMA2_Stream0_IRQHandler  stm32f7xx_it.o
    0x0800051c   0x0800051c   0x0000000c   Code   RO         1434    i.DMA2_Stream1_IRQHandler  stm32f7xx_it.o
    0x08000528   0x08000528   0x0000000c   Code   RO         1435    i.DMA2_Stream2_IRQHandler  stm32f7xx_it.o
    0x08000534   0x08000534   0x0000000c   Code   RO         1436    i.DMA2_Stream3_IRQHandler  stm32f7xx_it.o
    0x08000540   0x08000540   0x0000000c   Code   RO         1437    i.DMA2_Stream4_IRQHandler  stm32f7xx_it.o
    0x0800054c   0x0800054c   0x00000028   Code   RO         3044    i.DMA_CalcBaseAndBitshift  stm32f7xx_hal_dma.o
    0x08000574   0x08000574   0x00000054   Code   RO         3045    i.DMA_CheckFifoParam  stm32f7xx_hal_dma.o
    0x080005c8   0x080005c8   0x00000028   Code   RO         3046    i.DMA_SetConfig     stm32f7xx_hal_dma.o
    0x080005f0   0x080005f0   0x00000002   Code   RO         1438    i.DebugMon_Handler  stm32f7xx_it.o
    0x080005f2   0x080005f2   0x00000002   PAD
    0x080005f4   0x080005f4   0x000000dc   Code   RO         4213    i.FLASH_Erase_Sector  stm32f7xx_hal_flash_ex.o
    0x080006d0   0x080006d0   0x00000088   Code   RO         4419    i.FLASH_Program_Byte  stm32f7xx_hal_flash.o
    0x08000758   0x08000758   0x00000090   Code   RO         4420    i.FLASH_Program_DoubleWord  stm32f7xx_hal_flash.o
    0x080007e8   0x080007e8   0x0000008c   Code   RO         4421    i.FLASH_Program_HalfWord  stm32f7xx_hal_flash.o
    0x08000874   0x08000874   0x0000008c   Code   RO         4422    i.FLASH_Program_Word  stm32f7xx_hal_flash.o
    0x08000900   0x08000900   0x00000058   Code   RO         4423    i.FLASH_SetErrorCode  stm32f7xx_hal_flash.o
    0x08000958   0x08000958   0x00000054   Code   RO         4424    i.FLASH_WaitForLastOperation  stm32f7xx_hal_flash.o
    0x080009ac   0x080009ac   0x0000022c   Code   RO         4713    i.HAL_ADC_ConfigChannel  stm32f7xx_hal_adc.o
    0x08000bd8   0x08000bd8   0x00000002   Code   RO         4714    i.HAL_ADC_ConvCpltCallback  stm32f7xx_hal_adc.o
    0x08000bda   0x08000bda   0x00000002   Code   RO         4715    i.HAL_ADC_ConvHalfCpltCallback  stm32f7xx_hal_adc.o
    0x08000bdc   0x08000bdc   0x00000002   Code   RO         4717    i.HAL_ADC_ErrorCallback  stm32f7xx_hal_adc.o
    0x08000bde   0x08000bde   0x00000002   PAD
    0x08000be0   0x08000be0   0x00000214   Code   RO         4722    i.HAL_ADC_Init      stm32f7xx_hal_adc.o
    0x08000df4   0x08000df4   0x00000174   Code   RO         1725    i.HAL_ADC_MspInit   adc.o
    0x08000f68   0x08000f68   0x00000168   Code   RO         4729    i.HAL_ADC_Start_DMA  stm32f7xx_hal_adc.o
    0x080010d0   0x080010d0   0x000000d0   Code   RO         5292    i.HAL_DAC_ConfigChannel  stm32f7xx_hal_dac.o
    0x080011a0   0x080011a0   0x00000074   Code   RO         5302    i.HAL_DAC_Init      stm32f7xx_hal_dac.o
    0x08001214   0x08001214   0x00000040   Code   RO         1533    i.HAL_DAC_MspInit   dac.o
    0x08001254   0x08001254   0x00000094   Code   RO         5305    i.HAL_DAC_SetValue  stm32f7xx_hal_dac.o
    0x080012e8   0x080012e8   0x000000b8   Code   RO         5306    i.HAL_DAC_Start     stm32f7xx_hal_dac.o
    0x080013a0   0x080013a0   0x000001a8   Code   RO         3052    i.HAL_DMA_IRQHandler  stm32f7xx_hal_dma.o
    0x08001548   0x08001548   0x000002ec   Code   RO         3053    i.HAL_DMA_Init      stm32f7xx_hal_dma.o
    0x08001834   0x08001834   0x000000d0   Code   RO         3057    i.HAL_DMA_Start_IT  stm32f7xx_hal_dma.o
    0x08001904   0x08001904   0x00000014   Code   RO         4428    i.HAL_FLASH_Lock    stm32f7xx_hal_flash.o
    0x08001918   0x08001918   0x000000d4   Code   RO         4433    i.HAL_FLASH_Program  stm32f7xx_hal_flash.o
    0x080019ec   0x080019ec   0x00000028   Code   RO         4435    i.HAL_FLASH_Unlock  stm32f7xx_hal_flash.o
    0x08001a14   0x08001a14   0x00000344   Code   RO         4540    i.HAL_GPIO_Init     stm32f7xx_hal_gpio.o
    0x08001d58   0x08001d58   0x00000058   Code   RO         4542    i.HAL_GPIO_ReadPin  stm32f7xx_hal_gpio.o
    0x08001db0   0x08001db0   0x00000058   Code   RO         4543    i.HAL_GPIO_TogglePin  stm32f7xx_hal_gpio.o
    0x08001e08   0x08001e08   0x0000006c   Code   RO         4544    i.HAL_GPIO_WritePin  stm32f7xx_hal_gpio.o
    0x08001e74   0x08001e74   0x0000000c   Code   RO         2864    i.HAL_GetTick       stm32f7xx_hal.o
    0x08001e80   0x08001e80   0x00000010   Code   RO         2865    i.HAL_IncTick       stm32f7xx_hal.o
    0x08001e90   0x08001e90   0x00000016   Code   RO         2866    i.HAL_Init          stm32f7xx_hal.o
    0x08001ea6   0x08001ea6   0x00000002   PAD
    0x08001ea8   0x08001ea8   0x00000074   Code   RO         1392    i.HAL_InitTick      stm32f7xx_hal_timebase_tim.o
    0x08001f1c   0x08001f1c   0x00000058   Code   RO         1339    i.HAL_MspInit       stm32f7xx_hal_msp.o
    0x08001f74   0x08001f74   0x00000060   Code   RO         2719    i.HAL_NVIC_EnableIRQ  stm32f7xx_hal_cortex.o
    0x08001fd4   0x08001fd4   0x0000009c   Code   RO         2725    i.HAL_NVIC_SetPriority  stm32f7xx_hal_cortex.o
    0x08002070   0x08002070   0x00000080   Code   RO         2726    i.HAL_NVIC_SetPriorityGrouping  stm32f7xx_hal_cortex.o
    0x080020f0   0x080020f0   0x0000006c   Code   RO         4333    i.HAL_PWREx_EnableOverDrive  stm32f7xx_hal_pwr_ex.o
    0x0800215c   0x0800215c   0x00000288   Code   RO         2190    i.HAL_RCC_ClockConfig  stm32f7xx_hal_rcc.o
    0x080023e4   0x080023e4   0x00000040   Code   RO         2194    i.HAL_RCC_GetClockConfig  stm32f7xx_hal_rcc.o
    0x08002424   0x08002424   0x0000000c   Code   RO         2195    i.HAL_RCC_GetHCLKFreq  stm32f7xx_hal_rcc.o
    0x08002430   0x08002430   0x00000030   Code   RO         2197    i.HAL_RCC_GetPCLK1Freq  stm32f7xx_hal_rcc.o
    0x08002460   0x08002460   0x00000080   Code   RO         2199    i.HAL_RCC_GetSysClockFreq  stm32f7xx_hal_rcc.o
    0x080024e0   0x080024e0   0x0000049a   Code   RO         2202    i.HAL_RCC_OscConfig  stm32f7xx_hal_rcc.o
    0x0800297a   0x0800297a   0x00000002   Code   RO         4969    i.HAL_SPI_ErrorCallback  stm32f7xx_hal_spi.o
    0x0800297c   0x0800297c   0x00000006   Code   RO         4971    i.HAL_SPI_GetState  stm32f7xx_hal_spi.o
    0x08002982   0x08002982   0x00000002   PAD
    0x08002984   0x08002984   0x00000274   Code   RO         4973    i.HAL_SPI_Init      stm32f7xx_hal_spi.o
    0x08002bf8   0x08002bf8   0x000000d0   Code   RO         1575    i.HAL_SPI_MspInit   spi.o
    0x08002cc8   0x08002cc8   0x00000002   Code   RO         4979    i.HAL_SPI_RxCpltCallback  stm32f7xx_hal_spi.o
    0x08002cca   0x08002cca   0x00000002   Code   RO         4980    i.HAL_SPI_RxHalfCpltCallback  stm32f7xx_hal_spi.o
    0x08002ccc   0x08002ccc   0x00000270   Code   RO         4982    i.HAL_SPI_TransmitReceive  stm32f7xx_hal_spi.o
    0x08002f3c   0x08002f3c   0x00000200   Code   RO         4983    i.HAL_SPI_TransmitReceive_DMA  stm32f7xx_hal_spi.o
    0x0800313c   0x0800313c   0x00000002   Code   RO         4989    i.HAL_SPI_TxRxCpltCallback  stm32f7xx_hal_spi.o
    0x0800313e   0x0800313e   0x00000002   Code   RO         4990    i.HAL_SPI_TxRxHalfCpltCallback  stm32f7xx_hal_spi.o
    0x08003140   0x08003140   0x00000064   Code   RO         2728    i.HAL_SYSTICK_CLKSourceConfig  stm32f7xx_hal_cortex.o
    0x080031a4   0x080031a4   0x00000026   Code   RO         2730    i.HAL_SYSTICK_Config  stm32f7xx_hal_cortex.o
    0x080031ca   0x080031ca   0x00000002   Code   RO         2411    i.HAL_TIMEx_BreakCallback  stm32f7xx_hal_tim_ex.o
    0x080031cc   0x080031cc   0x00000002   Code   RO         2412    i.HAL_TIMEx_CommutationCallback  stm32f7xx_hal_tim_ex.o
    0x080031ce   0x080031ce   0x00000002   PAD
    0x080031d0   0x080031d0   0x00000190   Code   RO         2429    i.HAL_TIMEx_MasterConfigSynchronization  stm32f7xx_hal_tim_ex.o
    0x08003360   0x08003360   0x00000144   Code   RO         3580    i.HAL_TIM_Base_Init  stm32f7xx_hal_tim.o
    0x080034a4   0x080034a4   0x00000078   Code   RO         1617    i.HAL_TIM_Base_MspInit  tim.o
    0x0800351c   0x0800351c   0x000000e8   Code   RO         3585    i.HAL_TIM_Base_Start_IT  stm32f7xx_hal_tim.o
    0x08003604   0x08003604   0x00000470   Code   RO         3589    i.HAL_TIM_ConfigClockSource  stm32f7xx_hal_tim.o
    0x08003a74   0x08003a74   0x00000002   Code   RO         3609    i.HAL_TIM_IC_CaptureCallback  stm32f7xx_hal_tim.o
    0x08003a76   0x08003a76   0x0000017e   Code   RO         3622    i.HAL_TIM_IRQHandler  stm32f7xx_hal_tim.o
    0x08003bf4   0x08003bf4   0x0000005c   Code   RO         1618    i.HAL_TIM_MspPostInit  tim.o
    0x08003c50   0x08003c50   0x00000002   Code   RO         3625    i.HAL_TIM_OC_DelayElapsedCallback  stm32f7xx_hal_tim.o
    0x08003c52   0x08003c52   0x00000002   PAD
    0x08003c54   0x08003c54   0x0000033c   Code   RO         2449    i.HAL_TIM_PWM_ConfigChannel  stm32f7xx_hal_tim_ex.o
    0x08003f90   0x08003f90   0x0000014c   Code   RO         3649    i.HAL_TIM_PWM_Init  stm32f7xx_hal_tim.o
    0x080040dc   0x080040dc   0x00000028   Code   RO         1620    i.HAL_TIM_PWM_MspInit  tim.o
    0x08004104   0x08004104   0x00000002   Code   RO         3652    i.HAL_TIM_PWM_PulseFinishedCallback  stm32f7xx_hal_tim.o
    0x08004106   0x08004106   0x0000000e   Code   RO         1128    i.HAL_TIM_PeriodElapsedCallback  main.o
    0x08004114   0x08004114   0x00000002   Code   RO         3663    i.HAL_TIM_TriggerCallback  stm32f7xx_hal_tim.o
    0x08004116   0x08004116   0x00000002   Code   RO         1439    i.HardFault_Handler  stm32f7xx_it.o
    0x08004118   0x08004118   0x00000108   Code   RO         1726    i.MX_ADC1_Init      adc.o
    0x08004220   0x08004220   0x00000070   Code   RO         1727    i.MX_ADC2_Init      adc.o
    0x08004290   0x08004290   0x000000bc   Code   RO         1728    i.MX_ADC3_Init      adc.o
    0x0800434c   0x0800434c   0x00000064   Code   RO         1534    i.MX_DAC_Init       dac.o
    0x080043b0   0x080043b0   0x0000006c   Code   RO         1700    i.MX_DMA_Init       dma.o
    0x0800441c   0x0800441c   0x00000110   Code   RO         1778    i.MX_ENC28J60_Init  enc28j60.o
    0x0800452c   0x0800452c   0x00000030   Code   RO         2124    i.MX_FLASH_DefaultIP  user_flash.o
    0x0800455c   0x0800455c   0x00000074   Code   RO         2125    i.MX_FLASH_DefaultSettings  user_flash.o
    0x080045d0   0x080045d0   0x00000030   Code   RO         2126    i.MX_FLASH_LoadIP   user_flash.o
    0x08004600   0x08004600   0x00000034   Code   RO         2127    i.MX_FLASH_LoadSettings  user_flash.o
    0x08004634   0x08004634   0x00000038   Code   RO         2128    i.MX_FLASH_SaveIP   user_flash.o
    0x0800466c   0x0800466c   0x0000003c   Code   RO         2129    i.MX_FLASH_SaveSettings  user_flash.o
    0x080046a8   0x080046a8   0x0000003c   Code   RO         1360    i.MX_FREERTOS_Init  freertos.o
    0x080046e4   0x080046e4   0x000001d8   Code   RO         1315    i.MX_GPIO_Init      gpio.o
    0x080048bc   0x080048bc   0x00000064   Code   RO         1576    i.MX_SPI1_Init      spi.o
    0x08004920   0x08004920   0x00000078   Code   RO         1621    i.MX_TIM10_Init     tim.o
    0x08004998   0x08004998   0x00000078   Code   RO         1622    i.MX_TIM11_Init     tim.o
    0x08004a10   0x08004a10   0x0000007c   Code   RO         1623    i.MX_TIM4_Init      tim.o
    0x08004a8c   0x08004a8c   0x00000058   Code   RO         1624    i.MX_TIM6_Init      tim.o
    0x08004ae4   0x08004ae4   0x00000078   Code   RO         1625    i.MX_TIM8_Init      tim.o
    0x08004b5c   0x08004b5c   0x00000002   Code   RO         1440    i.MemManage_Handler  stm32f7xx_it.o
    0x08004b5e   0x08004b5e   0x00000002   Code   RO         1441    i.NMI_Handler       stm32f7xx_it.o
    0x08004b60   0x08004b60   0x00000022   Code   RO         2732    i.NVIC_SetPriority  stm32f7xx_hal_cortex.o
    0x08004b82   0x08004b82   0x00000022   Code   RO         5001    i.SPI_DMAError      stm32f7xx_hal_spi.o
    0x08004ba4   0x08004ba4   0x0000000a   Code   RO         5002    i.SPI_DMAHalfReceiveCplt  stm32f7xx_hal_spi.o
    0x08004bae   0x08004bae   0x0000000a   Code   RO         5004    i.SPI_DMAHalfTransmitReceiveCplt  stm32f7xx_hal_spi.o
    0x08004bb8   0x08004bb8   0x00000056   Code   RO         5005    i.SPI_DMAReceiveCplt  stm32f7xx_hal_spi.o
    0x08004c0e   0x08004c0e   0x0000005c   Code   RO         5008    i.SPI_DMATransmitReceiveCplt  stm32f7xx_hal_spi.o
    0x08004c6a   0x08004c6a   0x00000074   Code   RO         5010    i.SPI_EndRxTransaction  stm32f7xx_hal_spi.o
    0x08004cde   0x08004cde   0x00000048   Code   RO         5011    i.SPI_EndRxTxTransaction  stm32f7xx_hal_spi.o
    0x08004d26   0x08004d26   0x000000a0   Code   RO         5016    i.SPI_WaitFifoStateUntilTimeout  stm32f7xx_hal_spi.o
    0x08004dc6   0x08004dc6   0x0000008c   Code   RO         5017    i.SPI_WaitFlagStateUntilTimeout  stm32f7xx_hal_spi.o
    0x08004e52   0x08004e52   0x00000010   Code   RO         1361    i.StartDefaultTask  freertos.o
    0x08004e62   0x08004e62   0x00000010   Code   RO         1362    i.StartStatusTask   freertos.o
    0x08004e72   0x08004e72   0x00000004   Code   RO         1442    i.SysTick_Handler   stm32f7xx_it.o
    0x08004e76   0x08004e76   0x00000002   PAD
    0x08004e78   0x08004e78   0x000000a4   Code   RO         1129    i.SystemClock_Config  main.o
    0x08004f1c   0x08004f1c   0x00000054   Code   RO         5431    i.SystemInit        system_stm32f7xx.o
    0x08004f70   0x08004f70   0x0000000c   Code   RO         1443    i.TIM2_IRQHandler   stm32f7xx_it.o
    0x08004f7c   0x08004f7c   0x000000cc   Code   RO         3664    i.TIM_Base_SetConfig  stm32f7xx_hal_tim.o
    0x08005048   0x08005048   0x000000f8   Code   RO         3665    i.TIM_CCxChannelCmd  stm32f7xx_hal_tim.o
    0x08005140   0x08005140   0x00000012   Code   RO         3671    i.TIM_ETR_SetConfig  stm32f7xx_hal_tim.o
    0x08005152   0x08005152   0x00000010   Code   RO         3672    i.TIM_ITRx_SetConfig  stm32f7xx_hal_tim.o
    0x08005162   0x08005162   0x00000002   PAD
    0x08005164   0x08005164   0x00000068   Code   RO         3673    i.TIM_OC1_SetConfig  stm32f7xx_hal_tim.o
    0x080051cc   0x080051cc   0x000000c4   Code   RO         3674    i.TIM_OC2_SetConfig  stm32f7xx_hal_tim.o
    0x08005290   0x08005290   0x000000c4   Code   RO         3675    i.TIM_OC3_SetConfig  stm32f7xx_hal_tim.o
    0x08005354   0x08005354   0x000000b0   Code   RO         3676    i.TIM_OC4_SetConfig  stm32f7xx_hal_tim.o
    0x08005404   0x08005404   0x00000058   Code   RO         2452    i.TIM_OC5_SetConfig  stm32f7xx_hal_tim_ex.o
    0x0800545c   0x0800545c   0x00000058   Code   RO         2453    i.TIM_OC6_SetConfig  stm32f7xx_hal_tim_ex.o
    0x080054b4   0x080054b4   0x00000022   Code   RO         3678    i.TIM_TI1_ConfigInputStage  stm32f7xx_hal_tim.o
    0x080054d6   0x080054d6   0x00000024   Code   RO         3680    i.TIM_TI2_ConfigInputStage  stm32f7xx_hal_tim.o
    0x080054fa   0x080054fa   0x00000002   PAD
    0x080054fc   0x080054fc   0x00000050   Code   RO         2001    i.USER_MAIN_CalculateValues  user_main.o
    0x0800554c   0x0800554c   0x0000001c   Code   RO         2002    i.USER_MAIN_ENC26J60_COM_Cancel  user_main.o
    0x08005568   0x08005568   0x0000002c   Code   RO         2003    i.USER_MAIN_ENC26J60_COM_ChangeIP  user_main.o
    0x08005594   0x08005594   0x00000038   Code   RO         2004    i.USER_MAIN_ENC26J60_COM_Check  user_main.o
    0x080055cc   0x080055cc   0x0000003c   Code   RO         2006    i.USER_MAIN_ENC26J60_COM_Load  user_main.o
    0x08005608   0x08005608   0x00000050   Code   RO         2007    i.USER_MAIN_ENC26J60_COM_Power  user_main.o
    0x08005658   0x08005658   0x0000001c   Code   RO         2008    i.USER_MAIN_ENC26J60_COM_Prepare  user_main.o
    0x08005674   0x08005674   0x00000012   Code   RO         2009    i.USER_MAIN_ENC26J60_COM_Reset  user_main.o
    0x08005686   0x08005686   0x00000002   PAD
    0x08005688   0x08005688   0x00000038   Code   RO         2010    i.USER_MAIN_ENC26J60_COM_Save  user_main.o
    0x080056c0   0x080056c0   0x0000003c   Code   RO         2011    i.USER_MAIN_ENC26J60_COM_Triac  user_main.o
    0x080056fc   0x080056fc   0x0000001c   Code   RO         2013    i.USER_MAIN_ENC26J60_COM_Xray  user_main.o
    0x08005718   0x08005718   0x0000010c   Code   RO         2014    i.USER_MAIN_ENC26J60_CheckPackets  user_main.o
    0x08005824   0x08005824   0x0000001c   Code   RO         2015    i.USER_MAIN_ENC26J60_Checksum  user_main.o
    0x08005840   0x08005840   0x00000030   Code   RO         2016    i.USER_MAIN_ENC26J60_SendReply  user_main.o
    0x08005870   0x08005870   0x0000004c   Code   RO         2017    i.USER_MAIN_StartupError  user_main.o
    0x080058bc   0x080058bc   0x0000029c   Code   RO         2018    i.USER_MAIN_StartupInit  user_main.o
    0x08005b58   0x08005b58   0x00000002   Code   RO         1444    i.UsageFault_Handler  stm32f7xx_it.o
    0x08005b5a   0x08005b5a   0x00000002   Code   RO         1130    i._Error_Handler    main.o
    0x08005b5c   0x08005b5c   0x0000000e   Code   RO         5492    i.__scatterload_copy  mc_w.l(handlers.o)
    0x08005b6a   0x08005b6a   0x00000002   Code   RO         5493    i.__scatterload_null  mc_w.l(handlers.o)
    0x08005b6c   0x08005b6c   0x0000000e   Code   RO         5494    i.__scatterload_zeroinit  mc_w.l(handlers.o)
    0x08005b7a   0x08005b7a   0x00000002   Code   RO         1131    i.assert_failed     main.o
    0x08005b7c   0x08005b7c   0x00000038   Code   RO         1779    i.checksum          enc28j60.o
    0x08005bb4   0x08005bb4   0x0000007c   Code   RO         1780    i.enc28j60PacketReceive  enc28j60.o
    0x08005c30   0x08005c30   0x00000068   Code   RO         1781    i.enc28j60PacketSend  enc28j60.o
    0x08005c98   0x08005c98   0x00000028   Code   RO         1783    i.enc28j60PhyWrite  enc28j60.o
    0x08005cc0   0x08005cc0   0x00000014   Code   RO         1784    i.enc28j60Read      enc28j60.o
    0x08005cd4   0x08005cd4   0x0000003c   Code   RO         1785    i.enc28j60ReadBuffer  enc28j60.o
    0x08005d10   0x08005d10   0x00000010   Code   RO         1786    i.enc28j60ReadBufferWord  enc28j60.o
    0x08005d20   0x08005d20   0x00000034   Code   RO         1787    i.enc28j60ReadOp    enc28j60.o
    0x08005d54   0x08005d54   0x00000024   Code   RO         1788    i.enc28j60SendByte  enc28j60.o
    0x08005d78   0x08005d78   0x00000030   Code   RO         1789    i.enc28j60SetBank   enc28j60.o
    0x08005da8   0x08005da8   0x00000018   Code   RO         1790    i.enc28j60Write     enc28j60.o
    0x08005dc0   0x08005dc0   0x0000003c   Code   RO         1791    i.enc28j60WriteBuffer  enc28j60.o
    0x08005dfc   0x08005dfc   0x00000028   Code   RO         1792    i.enc28j60WriteOp   enc28j60.o
    0x08005e24   0x08005e24   0x0000001a   Code   RO         1793    i.enc28j60WriteWord  enc28j60.o
    0x08005e3e   0x08005e3e   0x00000002   PAD
    0x08005e40   0x08005e40   0x0000003c   Code   RO         1794    i.eth_type_is_arp_and_my_ip  enc28j60.o
    0x08005e7c   0x08005e7c   0x00000040   Code   RO         1795    i.eth_type_is_ip_and_my_ip  enc28j60.o
    0x08005ebc   0x08005ebc   0x0000001e   Code   RO         1796    i.fill_data_len     enc28j60.o
    0x08005eda   0x08005eda   0x00000026   Code   RO         1797    i.fill_ip_hdr_checksum  enc28j60.o
    0x08005f00   0x08005f00   0x0000001e   Code   RO         1798    i.get_tcp_data_len  enc28j60.o
    0x08005f1e   0x08005f1e   0x00000042   Code   RO         1132    i.main              main.o
    0x08005f60   0x08005f60   0x0000000e   Code   RO           53    i.makeFreeRtosPriority  cmsis_os.o
    0x08005f6e   0x08005f6e   0x00000002   PAD
    0x08005f70   0x08005f70   0x00000054   Code   RO         1799    i.make_arp_answer_from_request  enc28j60.o
    0x08005fc4   0x08005fc4   0x0000003a   Code   RO         1800    i.make_echo_reply_from_request  enc28j60.o
    0x08005ffe   0x08005ffe   0x00000002   PAD
    0x08006000   0x08006000   0x00000020   Code   RO         1801    i.make_eth          enc28j60.o
    0x08006020   0x08006020   0x00000024   Code   RO         1802    i.make_ip           enc28j60.o
    0x08006044   0x08006044   0x00000060   Code   RO         1803    i.make_tcp_ack_from_any  enc28j60.o
    0x080060a4   0x080060a4   0x00000048   Code   RO         1804    i.make_tcp_ack_with_data  enc28j60.o
    0x080060ec   0x080060ec   0x00000090   Code   RO         1805    i.make_tcp_synack_from_syn  enc28j60.o
    0x0800617c   0x0800617c   0x0000003c   Code   RO         1806    i.make_tcphead      enc28j60.o
    0x080061b8   0x080061b8   0x0000000e   Code   RO           55    i.osDelay           cmsis_os.o
    0x080061c6   0x080061c6   0x0000000a   Code   RO           58    i.osKernelStart     cmsis_os.o
    0x080061d0   0x080061d0   0x00000014   Code   RO           91    i.osSystickHandler  cmsis_os.o
    0x080061e4   0x080061e4   0x0000002e   Code   RO           92    i.osThreadCreate    cmsis_os.o
    0x08006212   0x08006212   0x00000002   PAD
    0x08006214   0x08006214   0x000000a0   Code   RO         1807    i.packetloop_icmp_tcp  enc28j60.o
    0x080062b4   0x080062b4   0x00000070   Code   RO          598    i.prvAddCurrentTaskToDelayedList  tasks.o
    0x08006324   0x08006324   0x000000d0   Code   RO          599    i.prvAddNewTaskToReadyList  tasks.o
    0x080063f4   0x080063f4   0x00000050   Code   RO          600    i.prvCheckTasksWaitingTermination  tasks.o
    0x08006444   0x08006444   0x00000014   Code   RO          601    i.prvDeleteTCB      tasks.o
    0x08006458   0x08006458   0x00000050   Code   RO          877    i.prvHeapInit       heap_4.o
    0x080064a8   0x080064a8   0x00000028   Code   RO          602    i.prvIdleTask       tasks.o
    0x080064d0   0x080064d0   0x00000092   Code   RO          603    i.prvInitialiseNewTask  tasks.o
    0x08006562   0x08006562   0x00000002   PAD
    0x08006564   0x08006564   0x0000004c   Code   RO          878    i.prvInsertBlockIntoFreeList  heap_4.o
    0x080065b0   0x080065b0   0x00000020   Code   RO          604    i.prvResetNextTaskUnblockTime  tasks.o
    0x080065d0   0x080065d0   0x00000030   Code   RO         1043    i.prvTaskExitError  port.o
    0x08006600   0x08006600   0x000000e4   Code   RO          879    i.pvPortMalloc      heap_4.o
    0x080066e4   0x080066e4   0x00000030   Code   RO         1044    i.pxPortInitialiseStack  port.o
    0x08006714   0x08006714   0x00000030   Code   RO         1808    i.step_seq          enc28j60.o
    0x08006744   0x08006744   0x0000000a   Code   RO         1809    i.tcp_fill_data     enc28j60.o
    0x0800674e   0x0800674e   0x00000002   PAD
    0x08006750   0x08006750   0x0000002c   Code   RO         1810    i.tcp_server_reply  enc28j60.o
    0x0800677c   0x0800677c   0x00000024   Code   RO          938    i.uxListRemove      list.o
    0x080067a0   0x080067a0   0x00000016   Code   RO          939    i.vListInitialise   list.o
    0x080067b6   0x080067b6   0x00000006   Code   RO          940    i.vListInitialiseItem  list.o
    0x080067bc   0x080067bc   0x00000030   Code   RO          941    i.vListInsert       list.o
    0x080067ec   0x080067ec   0x00000018   Code   RO          942    i.vListInsertEnd    list.o
    0x08006804   0x08006804   0x00000048   Code   RO         1046    i.vPortEnterCritical  port.o
    0x0800684c   0x0800684c   0x0000002c   Code   RO         1047    i.vPortExitCritical  port.o
    0x08006878   0x08006878   0x00000064   Code   RO          880    i.vPortFree         heap_4.o
    0x080068dc   0x080068dc   0x00000020   Code   RO         1048    i.vPortSetupTimerInterrupt  port.o
    0x080068fc   0x080068fc   0x00000050   Code   RO          612    i.vTaskDelay        tasks.o
    0x0800694c   0x0800694c   0x00000070   Code   RO          623    i.vTaskStartScheduler  tasks.o
    0x080069bc   0x080069bc   0x00000010   Code   RO          625    i.vTaskSuspendAll   tasks.o
    0x080069cc   0x080069cc   0x00000060   Code   RO          626    i.vTaskSwitchContext  tasks.o
    0x08006a2c   0x08006a2c   0x000000a8   Code   RO         1050    i.xPortStartScheduler  port.o
    0x08006ad4   0x08006ad4   0x00000030   Code   RO         1051    i.xPortSysTickHandler  port.o
    0x08006b04   0x08006b04   0x00000056   Code   RO          628    i.xTaskCreate       tasks.o
    0x08006b5a   0x08006b5a   0x00000002   PAD
    0x08006b5c   0x08006b5c   0x0000001c   Code   RO          632    i.xTaskGetSchedulerState  tasks.o
    0x08006b78   0x08006b78   0x000000cc   Code   RO          635    i.xTaskIncrementTick  tasks.o
    0x08006c44   0x08006c44   0x000000c8   Code   RO          641    i.xTaskResumeAll    tasks.o
    0x08006d0c   0x08006d0c   0x00000028   Data   RO         1363    .constdata          freertos.o
    0x08006d34   0x08006d34   0x00000008   Data   RO         3059    .constdata          stm32f7xx_hal_dma.o
    0x08006d3c   0x08006d3c   0x00000010   Data   RO         5432    .constdata          system_stm32f7xx.o
    0x08006d4c   0x08006d4c   0x00000008   Data   RO         5433    .constdata          system_stm32f7xx.o
    0x08006d54   0x08006d54   0x00000018   Data   RO         1364    .conststring        freertos.o
    0x08006d6c   0x08006d6c   0x00000020   Data   RO         5490    Region$$Table       anon$$obj.o


    Execution Region RW_IRAM1 (Exec base: 0x20000000, Load base: 0x08006d8c, Size: 0x00027b90, Max: 0x00050000, ABSOLUTE)

    Exec Addr    Load Addr    Size         Type   Attr      Idx    E Section Name        Object

    0x20000000   0x08006d8c   0x0000003c   Data   RW          644    .data               tasks.o
    0x2000003c   0x08006dc8   0x00000018   Data   RW          885    .data               heap_4.o
    0x20000054   0x08006de0   0x0000000c   Data   RW         1052    .data               port.o
    0x20000060   0x08006dec   0x00000008   Data   RW         1365    .data               freertos.o
    0x20000068   0x08006df4   0x0000000c   Data   RW         1813    .data               enc28j60.o
    0x20000074   0x08006e00   0x00000002   Data   RW         2020    .data               user_main.o
    0x20000076   0x08006e02   0x0000000a   Data   RW         2131    .data               user_flash.o
    0x20000080   0x08006e0c   0x00000004   Data   RW         2872    .data               stm32f7xx_hal.o
    0x20000084   0x08006e10   0x00000004   Data   RW         5434    .data               system_stm32f7xx.o
    0x20000088        -       0x000000f0   Zero   RW          643    .bss                tasks.o
    0x20000178        -       0x00003c00   Zero   RW          884    .bss                heap_4.o
    0x20003d78        -       0x00000040   Zero   RW         1395    .bss                stm32f7xx_hal_timebase_tim.o
    0x20003db8        -       0x00000014   Zero   RW         1535    .bss                dac.o
    0x20003dcc        -       0x00000124   Zero   RW         1577    .bss                spi.o
    0x20003ef0        -       0x00000140   Zero   RW         1626    .bss                tim.o
    0x20004030        -       0x000001f8   Zero   RW         1729    .bss                adc.o
    0x20004228        -       0x000005dc   Zero   RW         1812    .bss                enc28j60.o
    0x20004804        -       0x00022f40   Zero   RW         2019    .bss                user_main.o
    0x20027744        -       0x00000030   Zero   RW         2130    .bss                user_flash.o
    0x20027774        -       0x0000001c   Zero   RW         4436    .bss                stm32f7xx_hal_flash.o
    0x20027790        -       0x00000400   Zero   RW         2179    STACK               startup_stm32f745xx.o


==============================================================================

Image component sizes


      Code (inc. data)   RO Data    RW Data    ZI Data      Debug   Object Name

       936        130          0          0        504       3481   adc.o
       104          0          0          0          0      20444   cmsis_os.o
         0          0          0          0          0      14804   croutine.o
       164         38          0          0         20       1675   dac.o
       108          4          0          0          0        826   dma.o
      2044        118          0         12       1500      21871   enc28j60.o
        92          8         64          8          0       2361   freertos.o
       472         24          0          0          0       1219   gpio.o
       484         24          0         24      15360       7555   heap_4.o
       136          0          0          0          0       3666   list.o
       248          8          0          0          0     810265   main.o
       646         72          0         12          0      11152   port.o
         0          0          0          0          0       9592   queue.o
       308         64          0          0        292       1955   spi.o
        36          8        456          0       1024        824   startup_stm32f745xx.o
        50         12          0          4          0       2676   stm32f7xx_hal.o
      1972        288          0          0          0       7749   stm32f7xx_hal_adc.o
       552        254          0          0          0      36377   stm32f7xx_hal_cortex.o
       656        230          0          0          0       3802   stm32f7xx_hal_dac.o
      1544        142          8          0          0       6239   stm32f7xx_hal_dma.o
      1004        382          0          0         28       6610   stm32f7xx_hal_flash.o
       220         70          0          0          0        889   stm32f7xx_hal_flash_ex.o
      1120        326          0          0          0       4252   stm32f7xx_hal_gpio.o
        88          0          0          0          0        546   stm32f7xx_hal_msp.o
       108          8          0          0          0       1308   stm32f7xx_hal_pwr_ex.o
      2078        172          0          0          0       6186   stm32f7xx_hal_rcc.o
      2500        218          0          0          0      14810   stm32f7xx_hal_spi.o
      3642        806          0          0          0      15638   stm32f7xx_hal_tim.o
      1408        220          0          0          0       5362   stm32f7xx_hal_tim_ex.o
       116         14          0          0         64       1516   stm32f7xx_hal_timebase_tim.o
        88         36          0          0          0       6259   stm32f7xx_it.o
        84         16         24          4          0       1287   system_stm32f7xx.o
      1460        120          0         60        240      16587   tasks.o
       824        172          0          0        320       5618   tim.o
       380         44          0         10         48       4200   user_flash.o
      1626        158          0          2     143168      11862   user_main.o

    ----------------------------------------------------------------------
     27338       4186        584        136     162568    1071463   Object Totals
         0          0         32          0          0          0   (incl. Generated)
        40          0          0          0          0          0   (incl. Padding)

    ----------------------------------------------------------------------

      Code (inc. data)   RO Data    RW Data    ZI Data      Debug   Library Member Name

         0          0          0          0          0          0   entry.o
         0          0          0          0          0          0   entry10a.o
         0          0          0          0          0          0   entry11a.o
         8          4          0          0          0          0   entry2.o
         4          0          0          0          0          0   entry5.o
         0          0          0          0          0          0   entry7b.o
         0          0          0          0          0          0   entry8b.o
         8          4          0          0          0          0   entry9a.o
        30          0          0          0          0          0   handlers.o
        36          8          0          0          0         68   init.o
        36          0          0          0          0         68   memcpya.o

    ----------------------------------------------------------------------
       122         16          0          0          0        136   Library Totals
         0          0          0          0          0          0   (incl. Padding)

    ----------------------------------------------------------------------

      Code (inc. data)   RO Data    RW Data    ZI Data      Debug   Library Name

       122         16          0          0          0        136   mc_w.l

    ----------------------------------------------------------------------
       122         16          0          0          0        136   Library Totals

    ----------------------------------------------------------------------

==============================================================================


      Code (inc. data)   RO Data    RW Data    ZI Data      Debug   

     27460       4202        584        136     162568    1050003   Grand Totals
     27460       4202        584        136     162568    1050003   ELF Image Totals
     27460       4202        584        136          0          0   ROM Totals

==============================================================================

    Total RO  Size (Code + RO Data)                28044 (  27.39kB)
    Total RW  Size (RW Data + ZI Data)            162704 ( 158.89kB)
    Total ROM Size (Code + RO Data + RW Data)      28180 (  27.52kB)

==============================================================================

